Started POST "/diagnoses/result" for 172.18.0.1 at 2026-07-31 14:51:25 +0000
Cannot render console from 172.18.0.1! Allowed networks: 127.0.0.0/127.255.255.255, ::1
  
AbstractController::ActionNotFound (The action 'result' could not be found for DiagnosesController):
  
actionpack (7.2.3.2) lib/abstract_controller/base.rb:147:in `process'
actionview (7.2.3.2) lib/action_view/rendering.rb:40:in `process'
actionpack (7.2.3.2) lib/action_controller/metal.rb:252:in `dispatch'
actionpack (7.2.3.2) lib/action_controller/metal.rb:335:in `dispatch'
actionpack (7.2.3.2) lib/action_dispatch/routing/route_set.rb:67:in `dispatch'
actionpack (7.2.3.2) lib/action_dispatch/routing/route_set.rb:50:in `serve'
actionpack (7.2.3.2) lib/action_dispatch/journey/router.rb:53:in `block in serve'
actionpack (7.2.3.2) lib/action_dispatch/journey/router.rb:133:in `block in find_routes'
actionpack (7.2.3.2) lib/action_dispatch/journey/router.rb:126:in `each'
actionpack (7.2.3.2) lib/action_dispatch/journey/router.rb:126:in `find_routes'
actionpack (7.2.3.2) lib/action_dispatch/journey/router.rb:34:in `serve'
actionpack (7.2.3.2) lib/action_dispatch/routing/route_set.rb:896:in `call'
rack (3.2.6) lib/rack/tempfile_reaper.rb:20:in `call'
rack (3.2.6) lib/rack/etag.rb:29:in `call'
rack (3.2.6) lib/rack/conditional_get.rb:44:in `call'
rack (3.2.6) lib/rack/head.rb:15:in `call'
actionpack (7.2.3.2) lib/action_dispatch/http/permissions_policy.rb:38:in `call'
actionpack (7.2.3.2) lib/action_dispatch/http/content_security_policy.rb:38:in `call'
rack-session (2.1.2) lib/rack/session/abstract/id.rb:274:in `context'
rack-session (2.1.2) lib/rack/session/abstract/id.rb:268:in `call'
actionpack (7.2.3.2) lib/action_dispatch/middleware/cookies.rb:704:in `call'
activerecord (7.2.3.2) lib/active_record/migration.rb:674:in `call'
actionpack (7.2.3.2) lib/action_dispatch/middleware/callbacks.rb:31:in `block in call'
activesupport (7.2.3.2) lib/active_support/callbacks.rb:101:in `run_callbacks'
actionpack (7.2.3.2) lib/action_dispatch/middleware/callbacks.rb:30:in `call'
actionpack (7.2.3.2) lib/action_dispatch/middleware/executor.rb:16:in `call'
actionpack (7.2.3.2) lib/action_dispatch/middleware/actionable_exceptions.rb:18:in `call'
actionpack (7.2.3.2) lib/action_dispatch/middleware/debug_exceptions.rb:31:in `call'
web-console (4.2.1) lib/web_console/middleware.rb:132:in `call_app'
web-console (4.2.1) lib/web_console/middleware.rb:19:in `block in call'
web-console (4.2.1) lib/web_console/middleware.rb:17:in `catch'
web-console (4.2.1) lib/web_console/middleware.rb:17:in `call'
actionpack (7.2.3.2) lib/action_dispatch/middleware/show_exceptions.rb:32:in `call'
railties (7.2.3.2) lib/rails/rack/logger.rb:41:in `call_app'
railties (7.2.3.2) lib/rails/rack/logger.rb:29:in `call'
propshaft (1.3.2) lib/propshaft/quiet_assets.rb:11:in `call'
actionpack (7.2.3.2) lib/action_dispatch/middleware/remote_ip.rb:96:in `call'
actionpack (7.2.3.2) lib/action_dispatch/middleware/request_id.rb:33:in `call'
rack (3.2.6) lib/rack/method_override.rb:28:in `call'
rack (3.2.6) lib/rack/runtime.rb:24:in `call'
actionpack (7.2.3.2) lib/action_dispatch/middleware/server_timing.rb:61:in `block in call'
actionpack (7.2.3.2) lib/action_dispatch/middleware/server_timing.rb:26:in `collect_events'
actionpack (7.2.3.2) lib/action_dispatch/middleware/server_timing.rb:60:in `call'
actionpack (7.2.3.2) lib/action_dispatch/middleware/executor.rb:16:in `call'
propshaft (1.3.2) lib/propshaft/server.rb:37:in `call'
actionpack (7.2.3.2) lib/action_dispatch/middleware/static.rb:27:in `call'
rack (3.2.6) lib/rack/sendfile.rb:131:in `call'
actionpack (7.2.3.2) lib/action_dispatch/middleware/host_authorization.rb:143:in `call'
railties (7.2.3.2) lib/rails/engine.rb:535:in `call'
puma (8.0.2) lib/puma/configuration.rb:305:in `call'
puma (8.0.2) lib/puma/response.rb:79:in `block in handle_request'
puma (8.0.2) lib/puma/thread_pool.rb:434:in `with_force_shutdown'
puma (8.0.2) lib/puma/response.rb:78:in `handle_request'
puma (8.0.2) lib/puma/server.rb:508:in `process_client'
puma (8.0.2) lib/puma/server.rb:263:in `block in run'
puma (8.0.2) lib/puma/thread_pool.rb:246:in `block in spawn_thread'
Started GET "/diagnoses/new" for 172.18.0.1 at 2026-07-31 14:51:25 +0000
Cannot render console from 172.18.0.1! Allowed networks: 127.0.0.0/127.255.255.255, ::1
Processing by DiagnosesController#new as HTML
  Rendering layout layouts/application.html.erb
  Rendering diagnoses/new.html.erb within layouts/application
  [1m[36mDiagnosisQuestion Load (2.0ms)[0m  [1m[34mSELECT "diagnosis_questions".* FROM "diagnosis_questions" ORDER BY "diagnosis_questions"."display_order" ASC /*action='new',application='App',controller='diagnoses'*/[0m
  ↳ app/views/diagnoses/new.html.erb:4
  [1m[36mDiagnosisOption Load (1.1ms)[0m  [1m[34mSELECT "diagnosis_options".* FROM "diagnosis_options" WHERE "diagnosis_options"."diagnosis_question_id" IN (1, 2, 3, 4, 5) /*action='new',application='App',controller='diagnoses'*/[0m
  ↳ app/views/diagnoses/new.html.erb:4
  [1m[36mDiagnosisOption Load (1.4ms)[0m  [1m[34mSELECT "diagnosis_options".* FROM "diagnosis_options" WHERE "diagnosis_options"."diagnosis_question_id" = 1 ORDER BY "diagnosis_options"."display_order" ASC /*action='new',application='App',controller='diagnoses'*/[0m
  ↳ app/views/diagnoses/new.html.erb:8
  [1m[36mDiagnosisOption Load (0.7ms)[0m  [1m[34mSELECT "diagnosis_options".* FROM "diagnosis_options" WHERE "diagnosis_options"."diagnosis_question_id" = 2 ORDER BY "diagnosis_options"."display_order" ASC /*action='new',application='App',controller='diagnoses'*/[0m
  ↳ app/views/diagnoses/new.html.erb:8
  [1m[36mDiagnosisOption Load (0.5ms)[0m  [1m[34mSELECT "diagnosis_options".* FROM "diagnosis_options" WHERE "diagnosis_options"."diagnosis_question_id" = 3 ORDER BY "diagnosis_options"."display_order" ASC /*action='new',application='App',controller='diagnoses'*/[0m
  ↳ app/views/diagnoses/new.html.erb:8
  [1m[36mDiagnosisOption Load (0.6ms)[0m  [1m[34mSELECT "diagnosis_options".* FROM "diagnosis_options" WHERE "diagnosis_options"."diagnosis_question_id" = 4 ORDER BY "diagnosis_options"."display_order" ASC /*action='new',application='App',controller='diagnoses'*/[0m
  ↳ app/views/diagnoses/new.html.erb:8
  [1m[36mDiagnosisOption Load (0.6ms)[0m  [1m[34mSELECT "diagnosis_options".* FROM "diagnosis_options" WHERE "diagnosis_options"."diagnosis_question_id" = 5 ORDER BY "diagnosis_options"."display_order" ASC /*action='new',application='App',controller='diagnoses'*/[0m
  ↳ app/views/diagnoses/new.html.erb:8
  Rendered diagnoses/new.html.erb within layouts/application (Duration: 37.1ms | GC: 0.1ms)
  Rendered layout layouts/application.html.erb (Duration: 40.8ms | GC: 0.1ms)
Completed 200 OK in 61ms (Views: 37.5ms | ActiveRecord: 6.7ms (7 queries, 0 cached) | GC: 0.1ms)


Started GET "/diagnoses/new" for 172.18.0.1 at 2026-07-31 14:54:11 +0000
Cannot render console from 172.18.0.1! Allowed networks: 127.0.0.0/127.255.255.255, ::1
Processing by DiagnosesController#new as HTML
  Rendering layout layouts/application.html.erb
  Rendering diagnoses/new.html.erb within layouts/application
  [1m[36mDiagnosisQuestion Load (1.3ms)[0m  [1m[34mSELECT "diagnosis_questions".* FROM "diagnosis_questions" ORDER BY "diagnosis_questions"."display_order" ASC /*action='new',application='App',controller='diagnoses'*/[0m
  ↳ app/views/diagnoses/new.html.erb:4
  [1m[36mDiagnosisOption Load (1.2ms)[0m  [1m[34mSELECT "diagnosis_options".* FROM "diagnosis_options" WHERE "diagnosis_options"."diagnosis_question_id" IN (1, 2, 3, 4, 5) /*action='new',application='App',controller='diagnoses'*/[0m
  ↳ app/views/diagnoses/new.html.erb:4
  [1m[36mDiagnosisOption Load (1.0ms)[0m  [1m[34mSELECT "diagnosis_options".* FROM "diagnosis_options" WHERE "diagnosis_options"."diagnosis_question_id" = 1 ORDER BY "diagnosis_options"."display_order" ASC /*action='new',application='App',controller='diagnoses'*/[0m
  ↳ app/views/diagnoses/new.html.erb:8
  [1m[36mDiagnosisOption Load (1.0ms)[0m  [1m[34mSELECT "diagnosis_options".* FROM "diagnosis_options" WHERE "diagnosis_options"."diagnosis_question_id" = 2 ORDER BY "diagnosis_options"."display_order" ASC /*action='new',application='App',controller='diagnoses'*/[0m
  ↳ app/views/diagnoses/new.html.erb:8
  [1m[36mDiagnosisOption Load (1.2ms)[0m  [1m[34mSELECT "diagnosis_options".* FROM "diagnosis_options" WHERE "diagnosis_options"."diagnosis_question_id" = 3 ORDER BY "diagnosis_options"."display_order" ASC /*action='new',application='App',controller='diagnoses'*/[0m
  ↳ app/views/diagnoses/new.html.erb:8
  [1m[36mDiagnosisOption Load (0.5ms)[0m  [1m[34mSELECT "diagnosis_options".* FROM "diagnosis_options" WHERE "diagnosis_options"."diagnosis_question_id" = 4 ORDER BY "diagnosis_options"."display_order" ASC /*action='new',application='App',controller='diagnoses'*/[0m
  ↳ app/views/diagnoses/new.html.erb:8
  [1m[36mDiagnosisOption Load (1.1ms)[0m  [1m[34mSELECT "diagnosis_options".* FROM "diagnosis_options" WHERE "diagnosis_options"."diagnosis_question_id" = 5 ORDER BY "diagnosis_options"."display_order" ASC /*action='new',application='App',controller='diagnoses'*/[0m
  ↳ app/views/diagnoses/new.html.erb:8
  Rendered diagnoses/new.html.erb within layouts/application (Duration: 115.5ms | GC: 3.0ms)
  Rendered layout layouts/application.html.erb (Duration: 120.4ms | GC: 3.0ms)
Completed 200 OK in 193ms (Views: 108.4ms | ActiveRecord: 33.6ms (7 queries, 0 cached) | GC: 3.0ms)


Started POST "/diagnoses" for 172.18.0.1 at 2026-07-31 14:54:22 +0000
Cannot render console from 172.18.0.1! Allowed networks: 127.0.0.0/127.255.255.255, ::1
Processing by DiagnosesController#create as TURBO_STREAM
  Parameters: {"authenticity_token"=>"[FILTERED]", "question_1"=>"2", "question_2"=>"4", "question_3"=>"6", "question_4"=>"8", "question_5"=>"10", "commit"=>"診断結果を表示"}
===== create アクション開始 =====
params: #<ActionController::Parameters {"authenticity_token"=>"wmPmFg693GMJDxDWXh5E-RcRtDEigzF5xIrMJ3_xRWJjFt4y8TOJ4AS_hOKI5z6J7tGECtgGULgw0owF8C0N0g", "question_1"=>"2", "question_2"=>"4", "question_3"=>"6", "question_4"=>"8", "question_5"=>"10", "commit"=>"診断結果を表示", "controller"=>"diagnoses", "action"=>"create"} permitted: false>
[31mUnpermitted parameters: :authenticity_token, :commit. Context: { controller: DiagnosesController, action: create, request: #<ActionDispatch::Request:0x000072ec2b26fa18>, params: {"authenticity_token"=>"[FILTERED]", "question_1"=>"2", "question_2"=>"4", "question_3"=>"6", "question_4"=>"8", "question_5"=>"10", "commit"=>"診断結果を表示", "controller"=>"diagnoses", "action"=>"create"} }[0m
  [1m[36mTRANSACTION (0.7ms)[0m  [1m[35mBEGIN /*action='create',application='App',controller='diagnoses'*/[0m
  ↳ app/controllers/diagnoses_controller.rb:50:in `block (2 levels) in save_responses_to_database'
  [1m[36mDiagnosisAnswer Load (2.8ms)[0m  [1m[34mSELECT "diagnosis_answers".* FROM "diagnosis_answers" WHERE "diagnosis_answers"."session_id" = '2::440a7ca2b7d8715805c402470de1df11eda2107651b6f3ba644d135248534a95' AND "diagnosis_answers"."diagnosis_question_id" = 1 LIMIT 1 /*action='create',application='App',controller='diagnoses'*/[0m
  ↳ app/controllers/diagnoses_controller.rb:50:in `block (2 levels) in save_responses_to_database'
  [1m[36mDiagnosisQuestion Load (1.0ms)[0m  [1m[34mSELECT "diagnosis_questions".* FROM "diagnosis_questions" WHERE "diagnosis_questions"."id" = 1 LIMIT 1 /*action='create',application='App',controller='diagnoses'*/[0m
  ↳ app/controllers/diagnoses_controller.rb:55:in `block (2 levels) in save_responses_to_database'
  [1m[36mDiagnosisOption Load (1.0ms)[0m  [1m[34mSELECT "diagnosis_options".* FROM "diagnosis_options" WHERE "diagnosis_options"."id" = 2 LIMIT 1 /*action='create',application='App',controller='diagnoses'*/[0m
  ↳ app/controllers/diagnoses_controller.rb:55:in `block (2 levels) in save_responses_to_database'
  [1m[36mDiagnosisAnswer Create (10.8ms)[0m  [1m[32mINSERT INTO "diagnosis_answers" ("diagnosis_question_id", "diagnosis_option_id", "session_id", "created_at", "updated_at") VALUES (1, 2, '2::440a7ca2b7d8715805c402470de1df11eda2107651b6f3ba644d135248534a95', '2026-07-31 14:54:22.366936', '2026-07-31 14:54:22.366936') RETURNING "id" /*action='create',application='App',controller='diagnoses'*/[0m
  ↳ app/controllers/diagnoses_controller.rb:55:in `block (2 levels) in save_responses_to_database'
  [1m[36mDiagnosisAnswer Load (0.8ms)[0m  [1m[34mSELECT "diagnosis_answers".* FROM "diagnosis_answers" WHERE "diagnosis_answers"."session_id" = '2::440a7ca2b7d8715805c402470de1df11eda2107651b6f3ba644d135248534a95' AND "diagnosis_answers"."diagnosis_question_id" = 2 LIMIT 1 /*action='create',application='App',controller='diagnoses'*/[0m
  ↳ app/controllers/diagnoses_controller.rb:50:in `block (2 levels) in save_responses_to_database'
  [1m[36mDiagnosisQuestion Load (1.0ms)[0m  [1m[34mSELECT "diagnosis_questions".* FROM "diagnosis_questions" WHERE "diagnosis_questions"."id" = 2 LIMIT 1 /*action='create',application='App',controller='diagnoses'*/[0m
  ↳ app/controllers/diagnoses_controller.rb:55:in `block (2 levels) in save_responses_to_database'
  [1m[36mDiagnosisOption Load (0.9ms)[0m  [1m[34mSELECT "diagnosis_options".* FROM "diagnosis_options" WHERE "diagnosis_options"."id" = 4 LIMIT 1 /*action='create',application='App',controller='diagnoses'*/[0m
  ↳ app/controllers/diagnoses_controller.rb:55:in `block (2 levels) in save_responses_to_database'
  [1m[36mDiagnosisAnswer Create (1.0ms)[0m  [1m[32mINSERT INTO "diagnosis_answers" ("diagnosis_question_id", "diagnosis_option_id", "session_id", "created_at", "updated_at") VALUES (2, 4, '2::440a7ca2b7d8715805c402470de1df11eda2107651b6f3ba644d135248534a95', '2026-07-31 14:54:22.449133', '2026-07-31 14:54:22.449133') RETURNING "id" /*action='create',application='App',controller='diagnoses'*/[0m
  ↳ app/controllers/diagnoses_controller.rb:55:in `block (2 levels) in save_responses_to_database'
  [1m[36mDiagnosisAnswer Load (0.9ms)[0m  [1m[34mSELECT "diagnosis_answers".* FROM "diagnosis_answers" WHERE "diagnosis_answers"."session_id" = '2::440a7ca2b7d8715805c402470de1df11eda2107651b6f3ba644d135248534a95' AND "diagnosis_answers"."diagnosis_question_id" = 3 LIMIT 1 /*action='create',application='App',controller='diagnoses'*/[0m
  ↳ app/controllers/diagnoses_controller.rb:50:in `block (2 levels) in save_responses_to_database'
  [1m[36mDiagnosisQuestion Load (0.8ms)[0m  [1m[34mSELECT "diagnosis_questions".* FROM "diagnosis_questions" WHERE "diagnosis_questions"."id" = 3 LIMIT 1 /*action='create',application='App',controller='diagnoses'*/[0m
  ↳ app/controllers/diagnoses_controller.rb:55:in `block (2 levels) in save_responses_to_database'
  [1m[36mDiagnosisOption Load (0.9ms)[0m  [1m[34mSELECT "diagnosis_options".* FROM "diagnosis_options" WHERE "diagnosis_options"."id" = 6 LIMIT 1 /*action='create',application='App',controller='diagnoses'*/[0m
  ↳ app/controllers/diagnoses_controller.rb:55:in `block (2 levels) in save_responses_to_database'
  [1m[36mDiagnosisAnswer Create (0.9ms)[0m  [1m[32mINSERT INTO "diagnosis_answers" ("diagnosis_question_id", "diagnosis_option_id", "session_id", "created_at", "updated_at") VALUES (3, 6, '2::440a7ca2b7d8715805c402470de1df11eda2107651b6f3ba644d135248534a95', '2026-07-31 14:54:22.471718', '2026-07-31 14:54:22.471718') RETURNING "id" /*action='create',application='App',controller='diagnoses'*/[0m
  ↳ app/controllers/diagnoses_controller.rb:55:in `block (2 levels) in save_responses_to_database'
  [1m[36mDiagnosisAnswer Load (0.6ms)[0m  [1m[34mSELECT "diagnosis_answers".* FROM "diagnosis_answers" WHERE "diagnosis_answers"."session_id" = '2::440a7ca2b7d8715805c402470de1df11eda2107651b6f3ba644d135248534a95' AND "diagnosis_answers"."diagnosis_question_id" = 4 LIMIT 1 /*action='create',application='App',controller='diagnoses'*/[0m
  ↳ app/controllers/diagnoses_controller.rb:50:in `block (2 levels) in save_responses_to_database'
  [1m[36mDiagnosisQuestion Load (0.7ms)[0m  [1m[34mSELECT "diagnosis_questions".* FROM "diagnosis_questions" WHERE "diagnosis_questions"."id" = 4 LIMIT 1 /*action='create',application='App',controller='diagnoses'*/[0m
  ↳ app/controllers/diagnoses_controller.rb:55:in `block (2 levels) in save_responses_to_database'
  [1m[36mDiagnosisOption Load (1.0ms)[0m  [1m[34mSELECT "diagnosis_options".* FROM "diagnosis_options" WHERE "diagnosis_options"."id" = 8 LIMIT 1 /*action='create',application='App',controller='diagnoses'*/[0m
  ↳ app/controllers/diagnoses_controller.rb:55:in `block (2 levels) in save_responses_to_database'
  [1m[36mDiagnosisAnswer Create (1.5ms)[0m  [1m[32mINSERT INTO "diagnosis_answers" ("diagnosis_question_id", "diagnosis_option_id", "session_id", "created_at", "updated_at") VALUES (4, 8, '2::440a7ca2b7d8715805c402470de1df11eda2107651b6f3ba644d135248534a95', '2026-07-31 14:54:22.490606', '2026-07-31 14:54:22.490606') RETURNING "id" /*action='create',application='App',controller='diagnoses'*/[0m
  ↳ app/controllers/diagnoses_controller.rb:55:in `block (2 levels) in save_responses_to_database'
  [1m[36mDiagnosisAnswer Load (0.8ms)[0m  [1m[34mSELECT "diagnosis_answers".* FROM "diagnosis_answers" WHERE "diagnosis_answers"."session_id" = '2::440a7ca2b7d8715805c402470de1df11eda2107651b6f3ba644d135248534a95' AND "diagnosis_answers"."diagnosis_question_id" = 5 LIMIT 1 /*action='create',application='App',controller='diagnoses'*/[0m
  ↳ app/controllers/diagnoses_controller.rb:50:in `block (2 levels) in save_responses_to_database'
  [1m[36mDiagnosisQuestion Load (1.0ms)[0m  [1m[34mSELECT "diagnosis_questions".* FROM "diagnosis_questions" WHERE "diagnosis_questions"."id" = 5 LIMIT 1 /*action='create',application='App',controller='diagnoses'*/[0m
  ↳ app/controllers/diagnoses_controller.rb:55:in `block (2 levels) in save_responses_to_database'
  [1m[36mDiagnosisOption Load (0.8ms)[0m  [1m[34mSELECT "diagnosis_options".* FROM "diagnosis_options" WHERE "diagnosis_options"."id" = 10 LIMIT 1 /*action='create',application='App',controller='diagnoses'*/[0m
  ↳ app/controllers/diagnoses_controller.rb:55:in `block (2 levels) in save_responses_to_database'
  [1m[36mDiagnosisAnswer Create (1.1ms)[0m  [1m[32mINSERT INTO "diagnosis_answers" ("diagnosis_question_id", "diagnosis_option_id", "session_id", "created_at", "updated_at") VALUES (5, 10, '2::440a7ca2b7d8715805c402470de1df11eda2107651b6f3ba644d135248534a95', '2026-07-31 14:54:22.525244', '2026-07-31 14:54:22.525244') RETURNING "id" /*action='create',application='App',controller='diagnoses'*/[0m
  ↳ app/controllers/diagnoses_controller.rb:55:in `block (2 levels) in save_responses_to_database'
  [1m[36mTRANSACTION (3.1ms)[0m  [1m[35mCOMMIT /*action='create',application='App',controller='diagnoses'*/[0m
  ↳ app/controllers/diagnoses_controller.rb:45:in `save_responses_to_database'
===== 保存成功 =====
Redirected to http://localhost:3000/diagnoses
Completed 302 Found in 310ms (ActiveRecord: 42.2ms (20 queries, 0 cached) | GC: 17.1ms)


Started GET "/diagnoses" for 172.18.0.1 at 2026-07-31 14:54:22 +0000
Cannot render console from 172.18.0.1! Allowed networks: 127.0.0.0/127.255.255.255, ::1
  
ActionController::RoutingError (No route matches [GET] "/diagnoses"):
  
Started GET "/diagnoses/new" for 172.18.0.1 at 2026-07-31 14:54:22 +0000
Cannot render console from 172.18.0.1! Allowed networks: 127.0.0.0/127.255.255.255, ::1
Processing by DiagnosesController#new as HTML
  Rendering layout layouts/application.html.erb
  Rendering diagnoses/new.html.erb within layouts/application
  [1m[36mDiagnosisQuestion Load (1.3ms)[0m  [1m[34mSELECT "diagnosis_questions".* FROM "diagnosis_questions" ORDER BY "diagnosis_questions"."display_order" ASC /*action='new',application='App',controller='diagnoses'*/[0m
  ↳ app/views/diagnoses/new.html.erb:4
  [1m[36mDiagnosisOption Load (1.1ms)[0m  [1m[34mSELECT "diagnosis_options".* FROM "diagnosis_options" WHERE "diagnosis_options"."diagnosis_question_id" IN (1, 2, 3, 4, 5) /*action='new',application='App',controller='diagnoses'*/[0m
  ↳ app/views/diagnoses/new.html.erb:4
  [1m[36mDiagnosisOption Load (0.8ms)[0m  [1m[34mSELECT "diagnosis_options".* FROM "diagnosis_options" WHERE "diagnosis_options"."diagnosis_question_id" = 1 ORDER BY "diagnosis_options"."display_order" ASC /*action='new',application='App',controller='diagnoses'*/[0m
  ↳ app/views/diagnoses/new.html.erb:8
  [1m[36mDiagnosisOption Load (0.7ms)[0m  [1m[34mSELECT "diagnosis_options".* FROM "diagnosis_options" WHERE "diagnosis_options"."diagnosis_question_id" = 2 ORDER BY "diagnosis_options"."display_order" ASC /*action='new',application='App',controller='diagnoses'*/[0m
  ↳ app/views/diagnoses/new.html.erb:8
  [1m[36mDiagnosisOption Load (1.2ms)[0m  [1m[34mSELECT "diagnosis_options".* FROM "diagnosis_options" WHERE "diagnosis_options"."diagnosis_question_id" = 3 ORDER BY "diagnosis_options"."display_order" ASC /*action='new',application='App',controller='diagnoses'*/[0m
  ↳ app/views/diagnoses/new.html.erb:8
  [1m[36mDiagnosisOption Load (0.9ms)[0m  [1m[34mSELECT "diagnosis_options".* FROM "diagnosis_options" WHERE "diagnosis_options"."diagnosis_question_id" = 4 ORDER BY "diagnosis_options"."display_order" ASC /*action='new',application='App',controller='diagnoses'*/[0m
  ↳ app/views/diagnoses/new.html.erb:8
  [1m[36mDiagnosisOption Load (0.6ms)[0m  [1m[34mSELECT "diagnosis_options".* FROM "diagnosis_options" WHERE "diagnosis_options"."diagnosis_question_id" = 5 ORDER BY "diagnosis_options"."display_order" ASC /*action='new',application='App',controller='diagnoses'*/[0m
  ↳ app/views/diagnoses/new.html.erb:8
  Rendered diagnoses/new.html.erb within layouts/application (Duration: 36.4ms | GC: 1.4ms)
  Rendered layout layouts/application.html.erb (Duration: 38.4ms | GC: 1.4ms)
Completed 200 OK in 58ms (Views: 35.6ms | ActiveRecord: 6.6ms (7 queries, 0 cached) | GC: 1.4ms)


  [1m[36mDiagnosisAnswer Load (6.5ms)[0m  [1m[34mSELECT "diagnosis_answers".* FROM "diagnosis_answers" ORDER BY "diagnosis_answers"."id" DESC LIMIT 1 /*application='App'*/[0m
  [1m[36mDiagnosisAnswer Count (2.3ms)[0m  [1m[34mSELECT COUNT(*) FROM "diagnosis_answers" /*application='App'*/[0m
  [1m[36mDiagnosisQuestion Pluck (1.0ms)[0m  [1m[34mSELECT "diagnosis_questions"."id" FROM "diagnosis_questions" /*application='App'*/[0m
  [1m[36mDiagnosisOption Pluck (1.6ms)[0m  [1m[34mSELECT "diagnosis_options"."id" FROM "diagnosis_options" /*application='App'*/[0m
  [1m[36mActiveRecord::InternalMetadata Load (2.7ms)[0m  [1m[34mSELECT * FROM "ar_internal_metadata" WHERE "ar_internal_metadata"."key" = 'schema_sha1' ORDER BY "ar_internal_metadata"."key" ASC LIMIT 1 /*application='App'*/[0m
  [1m[36mActiveRecord::SchemaMigration Load (1.8ms)[0m  [1m[34mSELECT "schema_migrations"."version" FROM "schema_migrations" ORDER BY "schema_migrations"."version" ASC /*application='App'*/[0m
  [1m[36mActiveRecord::InternalMetadata Load (2.2ms)[0m  [1m[34mSELECT * FROM "ar_internal_metadata" WHERE "ar_internal_metadata"."key" = 'environment' ORDER BY "ar_internal_metadata"."key" ASC LIMIT 1 /*application='App'*/[0m
  [1m[36mActiveRecord::SchemaMigration Load (0.7ms)[0m  [1m[34mSELECT "schema_migrations"."version" FROM "schema_migrations" ORDER BY "schema_migrations"."version" ASC /*application='App'*/[0m
  [1m[36mActiveRecord::InternalMetadata Load (0.6ms)[0m  [1m[34mSELECT * FROM "ar_internal_metadata" WHERE "ar_internal_metadata"."key" = 'environment' ORDER BY "ar_internal_metadata"."key" ASC LIMIT 1 /*application='App'*/[0m
  [1m[36mActiveRecord::SchemaMigration Load (0.5ms)[0m  [1m[34mSELECT "schema_migrations"."version" FROM "schema_migrations" ORDER BY "schema_migrations"."version" ASC /*application='App'*/[0m
  [1m[36mActiveRecord::InternalMetadata Load (0.8ms)[0m  [1m[34mSELECT * FROM "ar_internal_metadata" WHERE "ar_internal_metadata"."key" = 'environment' ORDER BY "ar_internal_metadata"."key" ASC LIMIT 1 /*application='App'*/[0m
  [1m[35m (161.9ms)[0m  [1m[35mDROP DATABASE IF EXISTS "myapp_test" /*application='App'*/[0m
  [1m[35m (330.7ms)[0m  [1m[35mCREATE DATABASE "myapp_test" ENCODING = 'unicode' /*application='App'*/[0m
  [1m[35mSQL (54.0ms)[0m  [1m[35mCREATE EXTENSION IF NOT EXISTS "plpgsql" /*application='App'*/[0m
  [1m[35m (2.1ms)[0m  [1m[35mDROP TABLE IF EXISTS "diagnosis_answers" CASCADE /*application='App'*/[0m
  [1m[35m (12.7ms)[0m  [1m[35mCREATE TABLE "diagnosis_answers" ("id" bigserial primary key, "diagnosis_question_id" bigint NOT NULL, "diagnosis_option_id" bigint NOT NULL, "session_id" character varying NOT NULL, "created_at" timestamp(6) NOT NULL, "updated_at" timestamp(6) NOT NULL) /*application='App'*/[0m
  [1m[35m (4.0ms)[0m  [1m[35mCREATE INDEX "index_diagnosis_answers_on_diagnosis_option_id" ON "diagnosis_answers" ("diagnosis_option_id") /*application='App'*/[0m
  [1m[35m (2.0ms)[0m  [1m[35mCREATE INDEX "index_diagnosis_answers_on_diagnosis_question_id" ON "diagnosis_answers" ("diagnosis_question_id") /*application='App'*/[0m
  [1m[35m (2.6ms)[0m  [1m[35mCREATE UNIQUE INDEX "idx_on_session_id_diagnosis_question_id_2d63da7b8b" ON "diagnosis_answers" ("session_id", "diagnosis_question_id") /*application='App'*/[0m
  [1m[35m (0.4ms)[0m  [1m[35mDROP TABLE IF EXISTS "diagnosis_options" CASCADE /*application='App'*/[0m
  [1m[35m (5.2ms)[0m  [1m[35mCREATE TABLE "diagnosis_options" ("id" bigserial primary key, "diagnosis_question_id" bigint NOT NULL, "option_text" character varying NOT NULL, "weight_value" integer NOT NULL, "display_order" integer DEFAULT 0 NOT NULL, "created_at" timestamp(6) NOT NULL, "updated_at" timestamp(6) NOT NULL, "weight_category" character varying) /*application='App'*/[0m
  [1m[35m (2.3ms)[0m  [1m[35mCREATE INDEX "index_diagnosis_options_on_diagnosis_question_id" ON "diagnosis_options" ("diagnosis_question_id") /*application='App'*/[0m
  [1m[35m (0.4ms)[0m  [1m[35mDROP TABLE IF EXISTS "diagnosis_questions" CASCADE /*application='App'*/[0m
  [1m[35m (3.6ms)[0m  [1m[35mCREATE TABLE "diagnosis_questions" ("id" bigserial primary key, "question_text" text NOT NULL, "question_type" integer NOT NULL, "created_at" timestamp(6) NOT NULL, "updated_at" timestamp(6) NOT NULL, "weight_category" character varying, "display_order" integer DEFAULT 0 NOT NULL) /*application='App'*/[0m
  [1m[35m (0.5ms)[0m  [1m[35mDROP TABLE IF EXISTS "diagnosis_results" CASCADE /*application='App'*/[0m
  [1m[35m (4.5ms)[0m  [1m[35mCREATE TABLE "diagnosis_results" ("id" bigserial primary key, "created_at" timestamp(6) NOT NULL, "updated_at" timestamp(6) NOT NULL, "category" character varying, "result_title" character varying, "result_description" text) /*application='App'*/[0m
  [1m[35m (0.4ms)[0m  [1m[35mDROP TABLE IF EXISTS "facilities" CASCADE /*application='App'*/[0m
  [1m[35m (5.3ms)[0m  [1m[35mCREATE TABLE "facilities" ("id" bigserial primary key, "monthly_fee_min" integer, "monthly_fee_max" integer, "capacity" integer, "room_type" character varying, "care_level" integer, "services" character varying, "features" character varying, "created_at" timestamp(6) NOT NULL, "updated_at" timestamp(6) NOT NULL, "name" character varying, "facility_type" character varying, "address" character varying, "phone" character varying, "website_url" character varying) /*application='App'*/[0m
  [1m[35m (1.4ms)[0m  [1m[35mDROP TABLE IF EXISTS "facility_matches" CASCADE /*application='App'*/[0m
  [1m[35m (3.5ms)[0m  [1m[35mCREATE TABLE "facility_matches" ("id" bigserial primary key, "diagnosis_result_id" bigint NOT NULL, "facility_id" bigint NOT NULL, "match_score" integer, "created_at" timestamp(6) NOT NULL, "updated_at" timestamp(6) NOT NULL) /*application='App'*/[0m
  [1m[35m (3.8ms)[0m  [1m[35mCREATE INDEX "index_facility_matches_on_diagnosis_result_id" ON "facility_matches" ("diagnosis_result_id") /*application='App'*/[0m
  [1m[35m (2.6ms)[0m  [1m[35mCREATE INDEX "index_facility_matches_on_facility_id" ON "facility_matches" ("facility_id") /*application='App'*/[0m
  [1m[35m (0.4ms)[0m  [1m[35mDROP TABLE IF EXISTS "solid_cache_entries" CASCADE /*application='App'*/[0m
  [1m[35m (5.1ms)[0m  [1m[35mCREATE TABLE "solid_cache_entries" ("id" bigserial primary key, "key" bytea NOT NULL, "value" bytea NOT NULL, "created_at" timestamp(6) NOT NULL, "key_hash" bigint NOT NULL, "byte_size" integer NOT NULL) /*application='App'*/[0m
  [1m[35m (2.2ms)[0m  [1m[35mCREATE INDEX "index_solid_cache_entries_on_byte_size" ON "solid_cache_entries" ("byte_size") /*application='App'*/[0m
  [1m[35m (2.8ms)[0m  [1m[35mCREATE INDEX "index_solid_cache_entries_on_created_at" ON "solid_cache_entries" ("created_at") /*application='App'*/[0m
  [1m[35m (2.2ms)[0m  [1m[35mCREATE UNIQUE INDEX "index_solid_cache_entries_on_key_hash" ON "solid_cache_entries" ("key_hash") /*application='App'*/[0m
  [1m[35m (0.4ms)[0m  [1m[35mDROP TABLE IF EXISTS "solid_queue_blocked_executions" CASCADE /*application='App'*/[0m
  [1m[35m (4.3ms)[0m  [1m[35mCREATE TABLE "solid_queue_blocked_executions" ("id" bigserial primary key, "job_id" bigint NOT NULL, "queue_name" character varying NOT NULL, "priority" integer DEFAULT 0 NOT NULL, "concurrency_key" character varying, "created_at" timestamp(6) NOT NULL, "updated_at" timestamp(6) NOT NULL) /*application='App'*/[0m
  [1m[35m (2.4ms)[0m  [1m[35mCREATE INDEX "index_solid_queue_blocked_executions_on_concurrency_key" ON "solid_queue_blocked_executions" ("concurrency_key") /*application='App'*/[0m
  [1m[35m (1.9ms)[0m  [1m[35mCREATE INDEX "index_solid_queue_blocked_executions_on_job_id" ON "solid_queue_blocked_executions" ("job_id") /*application='App'*/[0m
  [1m[35m (0.4ms)[0m  [1m[35mDROP TABLE IF EXISTS "solid_queue_claimed_executions" CASCADE /*application='App'*/[0m
  [1m[35m (2.8ms)[0m  [1m[35mCREATE TABLE "solid_queue_claimed_executions" ("id" bigserial primary key, "job_id" bigint NOT NULL, "process_id" bigint, "claimed_at" timestamp(6), "created_at" timestamp(6) NOT NULL, "updated_at" timestamp(6) NOT NULL) /*application='App'*/[0m
  [1m[35m (1.9ms)[0m  [1m[35mCREATE INDEX "index_solid_queue_claimed_executions_on_job_id" ON "solid_queue_claimed_executions" ("job_id") /*application='App'*/[0m
  [1m[35m (2.0ms)[0m  [1m[35mCREATE INDEX "idx_on_process_id_claimed_at_c7452699b3" ON "solid_queue_claimed_executions" ("process_id", "claimed_at") /*application='App'*/[0m
  [1m[35m (0.4ms)[0m  [1m[35mDROP TABLE IF EXISTS "solid_queue_failed_executions" CASCADE /*application='App'*/[0m
  [1m[35m (4.7ms)[0m  [1m[35mCREATE TABLE "solid_queue_failed_executions" ("id" bigserial primary key, "job_id" bigint NOT NULL, "error" text, "created_at" timestamp(6) NOT NULL, "updated_at" timestamp(6) NOT NULL) /*application='App'*/[0m
  [1m[35m (1.9ms)[0m  [1m[35mCREATE INDEX "index_solid_queue_failed_executions_on_job_id" ON "solid_queue_failed_executions" ("job_id") /*application='App'*/[0m
  [1m[35m (0.3ms)[0m  [1m[35mDROP TABLE IF EXISTS "solid_queue_jobs" CASCADE /*application='App'*/[0m
  [1m[35m (4.1ms)[0m  [1m[35mCREATE TABLE "solid_queue_jobs" ("id" bigserial primary key, "queue_name" character varying NOT NULL, "class_name" character varying NOT NULL, "arguments" text, "priority" integer DEFAULT 0 NOT NULL, "active_job_id" character varying, "scheduled_at" timestamp(6), "finished_at" timestamp(6), "finished_with" character varying, "error" text, "created_at" timestamp(6) NOT NULL, "updated_at" timestamp(6) NOT NULL) /*application='App'*/[0m
  [1m[35m (2.6ms)[0m  [1m[35mCREATE INDEX "index_solid_queue_jobs_on_finished_at_and_finished_with" ON "solid_queue_jobs" ("finished_at", "finished_with") /*application='App'*/[0m
  [1m[35m (1.9ms)[0m  [1m[35mCREATE INDEX "index_solid_queue_jobs_on_priority" ON "solid_queue_jobs" ("priority") /*application='App'*/[0m
  [1m[35m (2.0ms)[0m  [1m[35mCREATE INDEX "index_solid_queue_jobs_on_queue_name" ON "solid_queue_jobs" ("queue_name") /*application='App'*/[0m
  [1m[35m (2.6ms)[0m  [1m[35mCREATE INDEX "index_solid_queue_jobs_on_scheduled_at" ON "solid_queue_jobs" ("scheduled_at") /*application='App'*/[0m
  [1m[35m (0.4ms)[0m  [1m[35mDROP TABLE IF EXISTS "solid_queue_pauses" CASCADE /*application='App'*/[0m
  [1m[35m (4.2ms)[0m  [1m[35mCREATE TABLE "solid_queue_pauses" ("id" bigserial primary key, "queue_name" character varying NOT NULL, "created_at" timestamp(6) NOT NULL, "updated_at" timestamp(6) NOT NULL) /*application='App'*/[0m
  [1m[35m (2.0ms)[0m  [1m[35mCREATE UNIQUE INDEX "index_solid_queue_pauses_on_queue_name" ON "solid_queue_pauses" ("queue_name") /*application='App'*/[0m
  [1m[35m (0.3ms)[0m  [1m[35mDROP TABLE IF EXISTS "solid_queue_processes" CASCADE /*application='App'*/[0m
  [1m[35m (3.3ms)[0m  [1m[35mCREATE TABLE "solid_queue_processes" ("id" bigserial primary key, "kind" character varying NOT NULL, "last_heartbeat_at" timestamp(6) NOT NULL, "supervisor_id" bigint, "created_at" timestamp(6) NOT NULL, "updated_at" timestamp(6) NOT NULL) /*application='App'*/[0m
  [1m[35m (2.2ms)[0m  [1m[35mCREATE INDEX "idx_on_last_heartbeat_at_supervisor_id_401ff53e96" ON "solid_queue_processes" ("last_heartbeat_at", "supervisor_id") /*application='App'*/[0m
  [1m[35m (0.3ms)[0m  [1m[35mDROP TABLE IF EXISTS "solid_queue_ready_executions" CASCADE /*application='App'*/[0m
  [1m[35m (3.8ms)[0m  [1m[35mCREATE TABLE "solid_queue_ready_executions" ("id" bigserial primary key, "job_id" bigint NOT NULL, "priority" integer DEFAULT 0 NOT NULL, "created_at" timestamp(6) NOT NULL, "updated_at" timestamp(6) NOT NULL) /*application='App'*/[0m
  [1m[35m (2.1ms)[0m  [1m[35mCREATE INDEX "index_solid_queue_ready_executions_on_job_id" ON "solid_queue_ready_executions" ("job_id") /*application='App'*/[0m
  [1m[35m (1.9ms)[0m  [1m[35mCREATE INDEX "index_solid_queue_ready_executions_on_priority" ON "solid_queue_ready_executions" ("priority") /*application='App'*/[0m
  [1m[35m (0.5ms)[0m  [1m[35mDROP TABLE IF EXISTS "solid_queue_scheduled_executions" CASCADE /*application='App'*/[0m
  [1m[35m (2.9ms)[0m  [1m[35mCREATE TABLE "solid_queue_scheduled_executions" ("id" bigserial primary key, "job_id" bigint NOT NULL, "scheduled_at" timestamp(6) NOT NULL, "created_at" timestamp(6) NOT NULL, "updated_at" timestamp(6) NOT NULL) /*application='App'*/[0m
  [1m[35m (2.1ms)[0m  [1m[35mCREATE INDEX "index_solid_queue_scheduled_executions_on_job_id" ON "solid_queue_scheduled_executions" ("job_id") /*application='App'*/[0m
  [1m[35m (2.8ms)[0m  [1m[35mCREATE INDEX "index_solid_queue_scheduled_executions_on_scheduled_at" ON "solid_queue_scheduled_executions" ("scheduled_at") /*application='App'*/[0m
  [1m[35m (0.3ms)[0m  [1m[35mDROP TABLE IF EXISTS "solid_queue_semaphores" CASCADE /*application='App'*/[0m
  [1m[35m (3.8ms)[0m  [1m[35mCREATE TABLE "solid_queue_semaphores" ("id" bigserial primary key, "key" character varying NOT NULL, "value" integer DEFAULT 1 NOT NULL, "created_at" timestamp(6) NOT NULL, "updated_at" timestamp(6) NOT NULL) /*application='App'*/[0m
  [1m[35m (2.1ms)[0m  [1m[35mCREATE UNIQUE INDEX "index_solid_queue_semaphores_on_key" ON "solid_queue_semaphores" ("key") /*application='App'*/[0m
  [1m[35m (5.3ms)[0m  [1m[35mALTER TABLE "diagnosis_answers" ADD CONSTRAINT "fk_rails_9f6f478df8"
FOREIGN KEY ("diagnosis_option_id")
  REFERENCES "diagnosis_options" ("id")
 /*application='App'*/[0m
  [1m[35m (2.8ms)[0m  [1m[35mALTER TABLE "diagnosis_answers" ADD CONSTRAINT "fk_rails_97b543f803"
FOREIGN KEY ("diagnosis_question_id")
  REFERENCES "diagnosis_questions" ("id")
 /*application='App'*/[0m
  [1m[35m (2.2ms)[0m  [1m[35mALTER TABLE "diagnosis_options" ADD CONSTRAINT "fk_rails_0ecab4c3e8"
FOREIGN KEY ("diagnosis_question_id")
  REFERENCES "diagnosis_questions" ("id")
 /*application='App'*/[0m
  [1m[35m (2.2ms)[0m  [1m[35mALTER TABLE "facility_matches" ADD CONSTRAINT "fk_rails_4d7d67f64d"
FOREIGN KEY ("diagnosis_result_id")
  REFERENCES "diagnosis_results" ("id")
 /*application='App'*/[0m
  [1m[35m (2.2ms)[0m  [1m[35mALTER TABLE "facility_matches" ADD CONSTRAINT "fk_rails_7673f576d8"
FOREIGN KEY ("facility_id")
  REFERENCES "facilities" ("id")
 /*application='App'*/[0m
  [1m[35m (2.8ms)[0m  [1m[35mALTER TABLE "solid_queue_blocked_executions" ADD CONSTRAINT "fk_rails_4cd34e2228"
FOREIGN KEY ("job_id")
  REFERENCES "solid_queue_jobs" ("id")
 /*application='App'*/[0m
  [1m[35m (2.4ms)[0m  [1m[35mALTER TABLE "solid_queue_claimed_executions" ADD CONSTRAINT "fk_rails_9cfe4d4944"
FOREIGN KEY ("job_id")
  REFERENCES "solid_queue_jobs" ("id")
 /*application='App'*/[0m
  [1m[35m (2.6ms)[0m  [1m[35mALTER TABLE "solid_queue_failed_executions" ADD CONSTRAINT "fk_rails_39bbc7a631"
FOREIGN KEY ("job_id")
  REFERENCES "solid_queue_jobs" ("id")
 /*application='App'*/[0m
  [1m[35m (3.1ms)[0m  [1m[35mALTER TABLE "solid_queue_ready_executions" ADD CONSTRAINT "fk_rails_81fcbd66af"
FOREIGN KEY ("job_id")
  REFERENCES "solid_queue_jobs" ("id")
 /*application='App'*/[0m
  [1m[35m (2.2ms)[0m  [1m[35mALTER TABLE "solid_queue_scheduled_executions" ADD CONSTRAINT "fk_rails_c4316f352d"
FOREIGN KEY ("job_id")
  REFERENCES "solid_queue_jobs" ("id")
 /*application='App'*/[0m
  [1m[35m (3.6ms)[0m  [1m[35mCREATE TABLE "schema_migrations" ("version" character varying NOT NULL PRIMARY KEY) /*application='App'*/[0m
  [1m[36mActiveRecord::SchemaMigration Load (0.6ms)[0m  [1m[34mSELECT "schema_migrations"."version" FROM "schema_migrations" ORDER BY "schema_migrations"."version" ASC /*application='App'*/[0m
  [1m[35m (2.2ms)[0m  [1m[32mINSERT INTO "schema_migrations" (version) VALUES (20260731131438) /*application='App'*/[0m
  [1m[35m (1.4ms)[0m  [1m[32mINSERT INTO "schema_migrations" (version) VALUES
(20260731131334),
(20260729182053),
(20260728130340),
(20260726202301),
(20260726202300),
(20260726202200),
(20260722144113),
(20260722143859),
(20260722140352),
(20260722124210),
(20260722115934),
(20260719070347); /*application='App'*/[0m
  [1m[35m (3.0ms)[0m  [1m[35mCREATE TABLE "ar_internal_metadata" ("key" character varying NOT NULL PRIMARY KEY, "value" character varying, "created_at" timestamp(6) NOT NULL, "updated_at" timestamp(6) NOT NULL) /*application='App'*/[0m
  [1m[36mActiveRecord::InternalMetadata Load (0.9ms)[0m  [1m[34mSELECT * FROM "ar_internal_metadata" WHERE "ar_internal_metadata"."key" = 'environment' ORDER BY "ar_internal_metadata"."key" ASC LIMIT 1 /*application='App'*/[0m
  [1m[36mActiveRecord::InternalMetadata Create (2.6ms)[0m  [1m[32mINSERT INTO "ar_internal_metadata" ("key", "value", "created_at", "updated_at") VALUES ('environment', 'development', '2026-07-31 14:59:45.077518', '2026-07-31 14:59:45.077521') RETURNING "key" /*application='App'*/[0m
  [1m[36mActiveRecord::InternalMetadata Load (0.4ms)[0m  [1m[34mSELECT * FROM "ar_internal_metadata" WHERE "ar_internal_metadata"."key" = 'environment' ORDER BY "ar_internal_metadata"."key" ASC LIMIT 1 /*application='App'*/[0m
  [1m[36mActiveRecord::InternalMetadata Update (2.2ms)[0m  [1m[33mUPDATE "ar_internal_metadata" SET "value" = 'test', "updated_at" = '2026-07-31 14:59:45.089659' WHERE "ar_internal_metadata"."key" = 'environment' /*application='App'*/[0m
  [1m[36mActiveRecord::InternalMetadata Load (0.4ms)[0m  [1m[34mSELECT * FROM "ar_internal_metadata" WHERE "ar_internal_metadata"."key" = 'schema_sha1' ORDER BY "ar_internal_metadata"."key" ASC LIMIT 1 /*application='App'*/[0m
  [1m[36mActiveRecord::InternalMetadata Create (1.4ms)[0m  [1m[32mINSERT INTO "ar_internal_metadata" ("key", "value", "created_at", "updated_at") VALUES ('schema_sha1', 'dbf946c6aa9330fe005f5f3f9dcd7444dad78ad8', '2026-07-31 14:59:45.095197', '2026-07-31 14:59:45.095213') RETURNING "key" /*application='App'*/[0m
  [1m[36mActiveRecord::SchemaMigration Load (1.1ms)[0m  [1m[34mSELECT "schema_migrations"."version" FROM "schema_migrations" ORDER BY "schema_migrations"."version" ASC /*application='App'*/[0m
  [1m[36mTRANSACTION (0.6ms)[0m  [1m[35mBEGIN /*application='App'*/[0m
Started GET "/diagnoses" for 127.0.0.1 at 2026-07-31 14:59:45 +0000
  [1m[36mTRANSACTION (0.3ms)[0m  [1m[35mBEGIN /*application='App'*/[0m
  [1m[36mActiveRecord::SchemaMigration Load (0.8ms)[0m  [1m[34mSELECT "schema_migrations"."version" FROM "schema_migrations" ORDER BY "schema_migrations"."version" ASC /*application='App'*/[0m
  
ActionController::RoutingError (No route matches [GET] "/diagnoses"):
  
  [1m[36mTRANSACTION (0.5ms)[0m  [1m[31mROLLBACK /*application='App'*/[0m
  [1m[36mActiveRecord::InternalMetadata Load (1.4ms)[0m  [1m[34mSELECT * FROM "ar_internal_metadata" WHERE "ar_internal_metadata"."key" = 'schema_sha1' ORDER BY "ar_internal_metadata"."key" ASC LIMIT 1 /*application='App'*/[0m
  [1m[36mActiveRecord::SchemaMigration Load (3.6ms)[0m  [1m[34mSELECT "schema_migrations"."version" FROM "schema_migrations" ORDER BY "schema_migrations"."version" ASC /*application='App'*/[0m
  [1m[36mActiveRecord::InternalMetadata Load (2.0ms)[0m  [1m[34mSELECT * FROM "ar_internal_metadata" WHERE "ar_internal_metadata"."key" = 'environment' ORDER BY "ar_internal_metadata"."key" ASC LIMIT 1 /*application='App'*/[0m
  [1m[36mActiveRecord::SchemaMigration Load (0.7ms)[0m  [1m[34mSELECT "schema_migrations"."version" FROM "schema_migrations" ORDER BY "schema_migrations"."version" ASC /*application='App'*/[0m
  [1m[36mActiveRecord::InternalMetadata Load (0.8ms)[0m  [1m[34mSELECT * FROM "ar_internal_metadata" WHERE "ar_internal_metadata"."key" = 'environment' ORDER BY "ar_internal_metadata"."key" ASC LIMIT 1 /*application='App'*/[0m
  [1m[36mActiveRecord::SchemaMigration Load (0.4ms)[0m  [1m[34mSELECT "schema_migrations"."version" FROM "schema_migrations" ORDER BY "schema_migrations"."version" ASC /*application='App'*/[0m
  [1m[36mActiveRecord::InternalMetadata Load (0.9ms)[0m  [1m[34mSELECT * FROM "ar_internal_metadata" WHERE "ar_internal_metadata"."key" = 'environment' ORDER BY "ar_internal_metadata"."key" ASC LIMIT 1 /*application='App'*/[0m
  [1m[35m (125.7ms)[0m  [1m[35mDROP DATABASE IF EXISTS "myapp_test" /*application='App'*/[0m
  [1m[35m (140.6ms)[0m  [1m[35mCREATE DATABASE "myapp_test" ENCODING = 'unicode' /*application='App'*/[0m
  [1m[35mSQL (50.0ms)[0m  [1m[35mCREATE EXTENSION IF NOT EXISTS "plpgsql" /*application='App'*/[0m
  [1m[35m (2.2ms)[0m  [1m[35mDROP TABLE IF EXISTS "diagnosis_answers" CASCADE /*application='App'*/[0m
  [1m[35m (8.6ms)[0m  [1m[35mCREATE TABLE "diagnosis_answers" ("id" bigserial primary key, "diagnosis_question_id" bigint NOT NULL, "diagnosis_option_id" bigint NOT NULL, "session_id" character varying NOT NULL, "created_at" timestamp(6) NOT NULL, "updated_at" timestamp(6) NOT NULL) /*application='App'*/[0m
  [1m[35m (4.0ms)[0m  [1m[35mCREATE INDEX "index_diagnosis_answers_on_diagnosis_option_id" ON "diagnosis_answers" ("diagnosis_option_id") /*application='App'*/[0m
  [1m[35m (1.9ms)[0m  [1m[35mCREATE INDEX "index_diagnosis_answers_on_diagnosis_question_id" ON "diagnosis_answers" ("diagnosis_question_id") /*application='App'*/[0m
  [1m[35m (2.3ms)[0m  [1m[35mCREATE UNIQUE INDEX "idx_on_session_id_diagnosis_question_id_2d63da7b8b" ON "diagnosis_answers" ("session_id", "diagnosis_question_id") /*application='App'*/[0m
  [1m[35m (0.4ms)[0m  [1m[35mDROP TABLE IF EXISTS "diagnosis_options" CASCADE /*application='App'*/[0m
  [1m[35m (4.6ms)[0m  [1m[35mCREATE TABLE "diagnosis_options" ("id" bigserial primary key, "diagnosis_question_id" bigint NOT NULL, "option_text" character varying NOT NULL, "weight_value" integer NOT NULL, "display_order" integer DEFAULT 0 NOT NULL, "created_at" timestamp(6) NOT NULL, "updated_at" timestamp(6) NOT NULL, "weight_category" character varying) /*application='App'*/[0m
  [1m[35m (2.5ms)[0m  [1m[35mCREATE INDEX "index_diagnosis_options_on_diagnosis_question_id" ON "diagnosis_options" ("diagnosis_question_id") /*application='App'*/[0m
  [1m[35m (0.3ms)[0m  [1m[35mDROP TABLE IF EXISTS "diagnosis_questions" CASCADE /*application='App'*/[0m
  [1m[35m (3.5ms)[0m  [1m[35mCREATE TABLE "diagnosis_questions" ("id" bigserial primary key, "question_text" text NOT NULL, "question_type" integer NOT NULL, "created_at" timestamp(6) NOT NULL, "updated_at" timestamp(6) NOT NULL, "weight_category" character varying, "display_order" integer DEFAULT 0 NOT NULL) /*application='App'*/[0m
  [1m[35m (0.4ms)[0m  [1m[35mDROP TABLE IF EXISTS "diagnosis_results" CASCADE /*application='App'*/[0m
  [1m[35m (4.5ms)[0m  [1m[35mCREATE TABLE "diagnosis_results" ("id" bigserial primary key, "created_at" timestamp(6) NOT NULL, "updated_at" timestamp(6) NOT NULL, "category" character varying, "result_title" character varying, "result_description" text) /*application='App'*/[0m
  [1m[35m (0.4ms)[0m  [1m[35mDROP TABLE IF EXISTS "facilities" CASCADE /*application='App'*/[0m
  [1m[35m (5.6ms)[0m  [1m[35mCREATE TABLE "facilities" ("id" bigserial primary key, "monthly_fee_min" integer, "monthly_fee_max" integer, "capacity" integer, "room_type" character varying, "care_level" integer, "services" character varying, "features" character varying, "created_at" timestamp(6) NOT NULL, "updated_at" timestamp(6) NOT NULL, "name" character varying, "facility_type" character varying, "address" character varying, "phone" character varying, "website_url" character varying) /*application='App'*/[0m
  [1m[35m (1.4ms)[0m  [1m[35mDROP TABLE IF EXISTS "facility_matches" CASCADE /*application='App'*/[0m
  [1m[35m (3.4ms)[0m  [1m[35mCREATE TABLE "facility_matches" ("id" bigserial primary key, "diagnosis_result_id" bigint NOT NULL, "facility_id" bigint NOT NULL, "match_score" integer, "created_at" timestamp(6) NOT NULL, "updated_at" timestamp(6) NOT NULL) /*application='App'*/[0m
  [1m[35m (2.3ms)[0m  [1m[35mCREATE INDEX "index_facility_matches_on_diagnosis_result_id" ON "facility_matches" ("diagnosis_result_id") /*application='App'*/[0m
  [1m[35m (1.8ms)[0m  [1m[35mCREATE INDEX "index_facility_matches_on_facility_id" ON "facility_matches" ("facility_id") /*application='App'*/[0m
  [1m[35m (0.4ms)[0m  [1m[35mDROP TABLE IF EXISTS "solid_cache_entries" CASCADE /*application='App'*/[0m
  [1m[35m (4.1ms)[0m  [1m[35mCREATE TABLE "solid_cache_entries" ("id" bigserial primary key, "key" bytea NOT NULL, "value" bytea NOT NULL, "created_at" timestamp(6) NOT NULL, "key_hash" bigint NOT NULL, "byte_size" integer NOT NULL) /*application='App'*/[0m
  [1m[35m (1.9ms)[0m  [1m[35mCREATE INDEX "index_solid_cache_entries_on_byte_size" ON "solid_cache_entries" ("byte_size") /*application='App'*/[0m
  [1m[35m (2.2ms)[0m  [1m[35mCREATE INDEX "index_solid_cache_entries_on_created_at" ON "solid_cache_entries" ("created_at") /*application='App'*/[0m
  [1m[35m (2.0ms)[0m  [1m[35mCREATE UNIQUE INDEX "index_solid_cache_entries_on_key_hash" ON "solid_cache_entries" ("key_hash") /*application='App'*/[0m
  [1m[35m (0.4ms)[0m  [1m[35mDROP TABLE IF EXISTS "solid_queue_blocked_executions" CASCADE /*application='App'*/[0m
  [1m[35m (4.8ms)[0m  [1m[35mCREATE TABLE "solid_queue_blocked_executions" ("id" bigserial primary key, "job_id" bigint NOT NULL, "queue_name" character varying NOT NULL, "priority" integer DEFAULT 0 NOT NULL, "concurrency_key" character varying, "created_at" timestamp(6) NOT NULL, "updated_at" timestamp(6) NOT NULL) /*application='App'*/[0m
  [1m[35m (2.2ms)[0m  [1m[35mCREATE INDEX "index_solid_queue_blocked_executions_on_concurrency_key" ON "solid_queue_blocked_executions" ("concurrency_key") /*application='App'*/[0m
  [1m[35m (2.3ms)[0m  [1m[35mCREATE INDEX "index_solid_queue_blocked_executions_on_job_id" ON "solid_queue_blocked_executions" ("job_id") /*application='App'*/[0m
  [1m[35m (0.7ms)[0m  [1m[35mDROP TABLE IF EXISTS "solid_queue_claimed_executions" CASCADE /*application='App'*/[0m
  [1m[35m (3.7ms)[0m  [1m[35mCREATE TABLE "solid_queue_claimed_executions" ("id" bigserial primary key, "job_id" bigint NOT NULL, "process_id" bigint, "claimed_at" timestamp(6), "created_at" timestamp(6) NOT NULL, "updated_at" timestamp(6) NOT NULL) /*application='App'*/[0m
  [1m[35m (1.8ms)[0m  [1m[35mCREATE INDEX "index_solid_queue_claimed_executions_on_job_id" ON "solid_queue_claimed_executions" ("job_id") /*application='App'*/[0m
  [1m[35m (1.9ms)[0m  [1m[35mCREATE INDEX "idx_on_process_id_claimed_at_c7452699b3" ON "solid_queue_claimed_executions" ("process_id", "claimed_at") /*application='App'*/[0m
  [1m[35m (0.4ms)[0m  [1m[35mDROP TABLE IF EXISTS "solid_queue_failed_executions" CASCADE /*application='App'*/[0m
  [1m[35m (3.6ms)[0m  [1m[35mCREATE TABLE "solid_queue_failed_executions" ("id" bigserial primary key, "job_id" bigint NOT NULL, "error" text, "created_at" timestamp(6) NOT NULL, "updated_at" timestamp(6) NOT NULL) /*application='App'*/[0m
  [1m[35m (2.0ms)[0m  [1m[35mCREATE INDEX "index_solid_queue_failed_executions_on_job_id" ON "solid_queue_failed_executions" ("job_id") /*application='App'*/[0m
  [1m[35m (0.3ms)[0m  [1m[35mDROP TABLE IF EXISTS "solid_queue_jobs" CASCADE /*application='App'*/[0m
  [1m[35m (3.8ms)[0m  [1m[35mCREATE TABLE "solid_queue_jobs" ("id" bigserial primary key, "queue_name" character varying NOT NULL, "class_name" character varying NOT NULL, "arguments" text, "priority" integer DEFAULT 0 NOT NULL, "active_job_id" character varying, "scheduled_at" timestamp(6), "finished_at" timestamp(6), "finished_with" character varying, "error" text, "created_at" timestamp(6) NOT NULL, "updated_at" timestamp(6) NOT NULL) /*application='App'*/[0m
  [1m[35m (2.9ms)[0m  [1m[35mCREATE INDEX "index_solid_queue_jobs_on_finished_at_and_finished_with" ON "solid_queue_jobs" ("finished_at", "finished_with") /*application='App'*/[0m
  [1m[35m (1.9ms)[0m  [1m[35mCREATE INDEX "index_solid_queue_jobs_on_priority" ON "solid_queue_jobs" ("priority") /*application='App'*/[0m
  [1m[35m (2.1ms)[0m  [1m[35mCREATE INDEX "index_solid_queue_jobs_on_queue_name" ON "solid_queue_jobs" ("queue_name") /*application='App'*/[0m
  [1m[35m (1.8ms)[0m  [1m[35mCREATE INDEX "index_solid_queue_jobs_on_scheduled_at" ON "solid_queue_jobs" ("scheduled_at") /*application='App'*/[0m
  [1m[35m (0.3ms)[0m  [1m[35mDROP TABLE IF EXISTS "solid_queue_pauses" CASCADE /*application='App'*/[0m
  [1m[35m (3.7ms)[0m  [1m[35mCREATE TABLE "solid_queue_pauses" ("id" bigserial primary key, "queue_name" character varying NOT NULL, "created_at" timestamp(6) NOT NULL, "updated_at" timestamp(6) NOT NULL) /*application='App'*/[0m
  [1m[35m (1.9ms)[0m  [1m[35mCREATE UNIQUE INDEX "index_solid_queue_pauses_on_queue_name" ON "solid_queue_pauses" ("queue_name") /*application='App'*/[0m
  [1m[35m (0.4ms)[0m  [1m[35mDROP TABLE IF EXISTS "solid_queue_processes" CASCADE /*application='App'*/[0m
  [1m[35m (3.9ms)[0m  [1m[35mCREATE TABLE "solid_queue_processes" ("id" bigserial primary key, "kind" character varying NOT NULL, "last_heartbeat_at" timestamp(6) NOT NULL, "supervisor_id" bigint, "created_at" timestamp(6) NOT NULL, "updated_at" timestamp(6) NOT NULL) /*application='App'*/[0m
  [1m[35m (2.3ms)[0m  [1m[35mCREATE INDEX "idx_on_last_heartbeat_at_supervisor_id_401ff53e96" ON "solid_queue_processes" ("last_heartbeat_at", "supervisor_id") /*application='App'*/[0m
  [1m[35m (0.4ms)[0m  [1m[35mDROP TABLE IF EXISTS "solid_queue_ready_executions" CASCADE /*application='App'*/[0m
  [1m[35m (3.3ms)[0m  [1m[35mCREATE TABLE "solid_queue_ready_executions" ("id" bigserial primary key, "job_id" bigint NOT NULL, "priority" integer DEFAULT 0 NOT NULL, "created_at" timestamp(6) NOT NULL, "updated_at" timestamp(6) NOT NULL) /*application='App'*/[0m
  [1m[35m (2.1ms)[0m  [1m[35mCREATE INDEX "index_solid_queue_ready_executions_on_job_id" ON "solid_queue_ready_executions" ("job_id") /*application='App'*/[0m
  [1m[35m (2.0ms)[0m  [1m[35mCREATE INDEX "index_solid_queue_ready_executions_on_priority" ON "solid_queue_ready_executions" ("priority") /*application='App'*/[0m
  [1m[35m (0.5ms)[0m  [1m[35mDROP TABLE IF EXISTS "solid_queue_scheduled_executions" CASCADE /*application='App'*/[0m
  [1m[35m (4.2ms)[0m  [1m[35mCREATE TABLE "solid_queue_scheduled_executions" ("id" bigserial primary key, "job_id" bigint NOT NULL, "scheduled_at" timestamp(6) NOT NULL, "created_at" timestamp(6) NOT NULL, "updated_at" timestamp(6) NOT NULL) /*application='App'*/[0m
  [1m[35m (2.5ms)[0m  [1m[35mCREATE INDEX "index_solid_queue_scheduled_executions_on_job_id" ON "solid_queue_scheduled_executions" ("job_id") /*application='App'*/[0m
  [1m[35m (2.7ms)[0m  [1m[35mCREATE INDEX "index_solid_queue_scheduled_executions_on_scheduled_at" ON "solid_queue_scheduled_executions" ("scheduled_at") /*application='App'*/[0m
  [1m[35m (0.4ms)[0m  [1m[35mDROP TABLE IF EXISTS "solid_queue_semaphores" CASCADE /*application='App'*/[0m
  [1m[35m (4.1ms)[0m  [1m[35mCREATE TABLE "solid_queue_semaphores" ("id" bigserial primary key, "key" character varying NOT NULL, "value" integer DEFAULT 1 NOT NULL, "created_at" timestamp(6) NOT NULL, "updated_at" timestamp(6) NOT NULL) /*application='App'*/[0m
  [1m[35m (2.0ms)[0m  [1m[35mCREATE UNIQUE INDEX "index_solid_queue_semaphores_on_key" ON "solid_queue_semaphores" ("key") /*application='App'*/[0m
  [1m[35m (4.1ms)[0m  [1m[35mALTER TABLE "diagnosis_answers" ADD CONSTRAINT "fk_rails_9f6f478df8"
FOREIGN KEY ("diagnosis_option_id")
  REFERENCES "diagnosis_options" ("id")
 /*application='App'*/[0m
  [1m[35m (2.7ms)[0m  [1m[35mALTER TABLE "diagnosis_answers" ADD CONSTRAINT "fk_rails_97b543f803"
FOREIGN KEY ("diagnosis_question_id")
  REFERENCES "diagnosis_questions" ("id")
 /*application='App'*/[0m
  [1m[35m (2.0ms)[0m  [1m[35mALTER TABLE "diagnosis_options" ADD CONSTRAINT "fk_rails_0ecab4c3e8"
FOREIGN KEY ("diagnosis_question_id")
  REFERENCES "diagnosis_questions" ("id")
 /*application='App'*/[0m
  [1m[35m (2.4ms)[0m  [1m[35mALTER TABLE "facility_matches" ADD CONSTRAINT "fk_rails_4d7d67f64d"
FOREIGN KEY ("diagnosis_result_id")
  REFERENCES "diagnosis_results" ("id")
 /*application='App'*/[0m
  [1m[35m (2.2ms)[0m  [1m[35mALTER TABLE "facility_matches" ADD CONSTRAINT "fk_rails_7673f576d8"
FOREIGN KEY ("facility_id")
  REFERENCES "facilities" ("id")
 /*application='App'*/[0m
  [1m[35m (2.6ms)[0m  [1m[35mALTER TABLE "solid_queue_blocked_executions" ADD CONSTRAINT "fk_rails_4cd34e2228"
FOREIGN KEY ("job_id")
  REFERENCES "solid_queue_jobs" ("id")
 /*application='App'*/[0m
  [1m[35m (2.2ms)[0m  [1m[35mALTER TABLE "solid_queue_claimed_executions" ADD CONSTRAINT "fk_rails_9cfe4d4944"
FOREIGN KEY ("job_id")
  REFERENCES "solid_queue_jobs" ("id")
 /*application='App'*/[0m
  [1m[35m (2.5ms)[0m  [1m[35mALTER TABLE "solid_queue_failed_executions" ADD CONSTRAINT "fk_rails_39bbc7a631"
FOREIGN KEY ("job_id")
  REFERENCES "solid_queue_jobs" ("id")
 /*application='App'*/[0m
  [1m[35m (2.2ms)[0m  [1m[35mALTER TABLE "solid_queue_ready_executions" ADD CONSTRAINT "fk_rails_81fcbd66af"
FOREIGN KEY ("job_id")
  REFERENCES "solid_queue_jobs" ("id")
 /*application='App'*/[0m
  [1m[35m (2.6ms)[0m  [1m[35mALTER TABLE "solid_queue_scheduled_executions" ADD CONSTRAINT "fk_rails_c4316f352d"
FOREIGN KEY ("job_id")
  REFERENCES "solid_queue_jobs" ("id")
 /*application='App'*/[0m
  [1m[35m (3.1ms)[0m  [1m[35mCREATE TABLE "schema_migrations" ("version" character varying NOT NULL PRIMARY KEY) /*application='App'*/[0m
  [1m[36mActiveRecord::SchemaMigration Load (0.7ms)[0m  [1m[34mSELECT "schema_migrations"."version" FROM "schema_migrations" ORDER BY "schema_migrations"."version" ASC /*application='App'*/[0m
  [1m[35m (2.2ms)[0m  [1m[32mINSERT INTO "schema_migrations" (version) VALUES (20260731131438) /*application='App'*/[0m
  [1m[35m (1.5ms)[0m  [1m[32mINSERT INTO "schema_migrations" (version) VALUES
(20260731131334),
(20260729182053),
(20260728130340),
(20260726202301),
(20260726202300),
(20260726202200),
(20260722144113),
(20260722143859),
(20260722140352),
(20260722124210),
(20260722115934),
(20260719070347); /*application='App'*/[0m
  [1m[35m (3.1ms)[0m  [1m[35mCREATE TABLE "ar_internal_metadata" ("key" character varying NOT NULL PRIMARY KEY, "value" character varying, "created_at" timestamp(6) NOT NULL, "updated_at" timestamp(6) NOT NULL) /*application='App'*/[0m
  [1m[36mActiveRecord::InternalMetadata Load (0.8ms)[0m  [1m[34mSELECT * FROM "ar_internal_metadata" WHERE "ar_internal_metadata"."key" = 'environment' ORDER BY "ar_internal_metadata"."key" ASC LIMIT 1 /*application='App'*/[0m
  [1m[36mActiveRecord::InternalMetadata Create (2.5ms)[0m  [1m[32mINSERT INTO "ar_internal_metadata" ("key", "value", "created_at", "updated_at") VALUES ('environment', 'development', '2026-07-31 15:08:19.361313', '2026-07-31 15:08:19.361317') RETURNING "key" /*application='App'*/[0m
  [1m[36mActiveRecord::InternalMetadata Load (0.7ms)[0m  [1m[34mSELECT * FROM "ar_internal_metadata" WHERE "ar_internal_metadata"."key" = 'environment' ORDER BY "ar_internal_metadata"."key" ASC LIMIT 1 /*application='App'*/[0m
  [1m[36mActiveRecord::InternalMetadata Update (1.7ms)[0m  [1m[33mUPDATE "ar_internal_metadata" SET "value" = 'test', "updated_at" = '2026-07-31 15:08:19.375309' WHERE "ar_internal_metadata"."key" = 'environment' /*application='App'*/[0m
  [1m[36mActiveRecord::InternalMetadata Load (0.5ms)[0m  [1m[34mSELECT * FROM "ar_internal_metadata" WHERE "ar_internal_metadata"."key" = 'schema_sha1' ORDER BY "ar_internal_metadata"."key" ASC LIMIT 1 /*application='App'*/[0m
  [1m[36mActiveRecord::InternalMetadata Create (1.6ms)[0m  [1m[32mINSERT INTO "ar_internal_metadata" ("key", "value", "created_at", "updated_at") VALUES ('schema_sha1', 'dbf946c6aa9330fe005f5f3f9dcd7444dad78ad8', '2026-07-31 15:08:19.380213', '2026-07-31 15:08:19.380217') RETURNING "key" /*application='App'*/[0m
  [1m[36mActiveRecord::SchemaMigration Load (1.0ms)[0m  [1m[34mSELECT "schema_migrations"."version" FROM "schema_migrations" ORDER BY "schema_migrations"."version" ASC /*application='App'*/[0m
  [1m[36mTRANSACTION (0.4ms)[0m  [1m[35mBEGIN /*application='App'*/[0m
Started GET "/diagnoses" for 127.0.0.1 at 2026-07-31 15:08:19 +0000
  [1m[36mTRANSACTION (0.3ms)[0m  [1m[35mBEGIN /*application='App'*/[0m
  [1m[36mActiveRecord::SchemaMigration Load (0.9ms)[0m  [1m[34mSELECT "schema_migrations"."version" FROM "schema_migrations" ORDER BY "schema_migrations"."version" ASC /*application='App'*/[0m
  
ActionController::RoutingError (No route matches [GET] "/diagnoses"):
  
  [1m[36mTRANSACTION (0.5ms)[0m  [1m[31mROLLBACK /*application='App'*/[0m
  [1m[36mActiveRecord::InternalMetadata Load (1.5ms)[0m  [1m[34mSELECT * FROM "ar_internal_metadata" WHERE "ar_internal_metadata"."key" = 'schema_sha1' ORDER BY "ar_internal_metadata"."key" ASC LIMIT 1 /*application='App'*/[0m
  [1m[36mActiveRecord::SchemaMigration Load (3.3ms)[0m  [1m[34mSELECT "schema_migrations"."version" FROM "schema_migrations" ORDER BY "schema_migrations"."version" ASC /*application='App'*/[0m
  [1m[36mActiveRecord::InternalMetadata Load (1.9ms)[0m  [1m[34mSELECT * FROM "ar_internal_metadata" WHERE "ar_internal_metadata"."key" = 'environment' ORDER BY "ar_internal_metadata"."key" ASC LIMIT 1 /*application='App'*/[0m
  [1m[36mActiveRecord::SchemaMigration Load (0.7ms)[0m  [1m[34mSELECT "schema_migrations"."version" FROM "schema_migrations" ORDER BY "schema_migrations"."version" ASC /*application='App'*/[0m
  [1m[36mActiveRecord::InternalMetadata Load (0.7ms)[0m  [1m[34mSELECT * FROM "ar_internal_metadata" WHERE "ar_internal_metadata"."key" = 'environment' ORDER BY "ar_internal_metadata"."key" ASC LIMIT 1 /*application='App'*/[0m
  [1m[36mActiveRecord::SchemaMigration Load (0.5ms)[0m  [1m[34mSELECT "schema_migrations"."version" FROM "schema_migrations" ORDER BY "schema_migrations"."version" ASC /*application='App'*/[0m
  [1m[36mActiveRecord::InternalMetadata Load (0.9ms)[0m  [1m[34mSELECT * FROM "ar_internal_metadata" WHERE "ar_internal_metadata"."key" = 'environment' ORDER BY "ar_internal_metadata"."key" ASC LIMIT 1 /*application='App'*/[0m
  [1m[35m (119.8ms)[0m  [1m[35mDROP DATABASE IF EXISTS "myapp_test" /*application='App'*/[0m
  [1m[35m (132.6ms)[0m  [1m[35mCREATE DATABASE "myapp_test" ENCODING = 'unicode' /*application='App'*/[0m
  [1m[35mSQL (56.6ms)[0m  [1m[35mCREATE EXTENSION IF NOT EXISTS "plpgsql" /*application='App'*/[0m
  [1m[35m (1.5ms)[0m  [1m[35mDROP TABLE IF EXISTS "diagnosis_answers" CASCADE /*application='App'*/[0m
  [1m[35m (6.8ms)[0m  [1m[35mCREATE TABLE "diagnosis_answers" ("id" bigserial primary key, "diagnosis_question_id" bigint NOT NULL, "diagnosis_option_id" bigint NOT NULL, "session_id" character varying NOT NULL, "created_at" timestamp(6) NOT NULL, "updated_at" timestamp(6) NOT NULL) /*application='App'*/[0m
  [1m[35m (4.2ms)[0m  [1m[35mCREATE INDEX "index_diagnosis_answers_on_diagnosis_option_id" ON "diagnosis_answers" ("diagnosis_option_id") /*application='App'*/[0m
  [1m[35m (2.4ms)[0m  [1m[35mCREATE INDEX "index_diagnosis_answers_on_diagnosis_question_id" ON "diagnosis_answers" ("diagnosis_question_id") /*application='App'*/[0m
  [1m[35m (2.4ms)[0m  [1m[35mCREATE UNIQUE INDEX "idx_on_session_id_diagnosis_question_id_2d63da7b8b" ON "diagnosis_answers" ("session_id", "diagnosis_question_id") /*application='App'*/[0m
  [1m[35m (0.4ms)[0m  [1m[35mDROP TABLE IF EXISTS "diagnosis_options" CASCADE /*application='App'*/[0m
  [1m[35m (4.3ms)[0m  [1m[35mCREATE TABLE "diagnosis_options" ("id" bigserial primary key, "diagnosis_question_id" bigint NOT NULL, "option_text" character varying NOT NULL, "weight_value" integer NOT NULL, "display_order" integer DEFAULT 0 NOT NULL, "created_at" timestamp(6) NOT NULL, "updated_at" timestamp(6) NOT NULL, "weight_category" character varying) /*application='App'*/[0m
  [1m[35m (2.4ms)[0m  [1m[35mCREATE INDEX "index_diagnosis_options_on_diagnosis_question_id" ON "diagnosis_options" ("diagnosis_question_id") /*application='App'*/[0m
  [1m[35m (0.5ms)[0m  [1m[35mDROP TABLE IF EXISTS "diagnosis_questions" CASCADE /*application='App'*/[0m
  [1m[35m (3.7ms)[0m  [1m[35mCREATE TABLE "diagnosis_questions" ("id" bigserial primary key, "question_text" text NOT NULL, "question_type" integer NOT NULL, "created_at" timestamp(6) NOT NULL, "updated_at" timestamp(6) NOT NULL, "weight_category" character varying, "display_order" integer DEFAULT 0 NOT NULL) /*application='App'*/[0m
  [1m[35m (0.4ms)[0m  [1m[35mDROP TABLE IF EXISTS "diagnosis_results" CASCADE /*application='App'*/[0m
  [1m[35m (4.6ms)[0m  [1m[35mCREATE TABLE "diagnosis_results" ("id" bigserial primary key, "created_at" timestamp(6) NOT NULL, "updated_at" timestamp(6) NOT NULL, "category" character varying, "result_title" character varying, "result_description" text) /*application='App'*/[0m
  [1m[35m (0.4ms)[0m  [1m[35mDROP TABLE IF EXISTS "facilities" CASCADE /*application='App'*/[0m
  [1m[35m (5.4ms)[0m  [1m[35mCREATE TABLE "facilities" ("id" bigserial primary key, "monthly_fee_min" integer, "monthly_fee_max" integer, "capacity" integer, "room_type" character varying, "care_level" integer, "services" character varying, "features" character varying, "created_at" timestamp(6) NOT NULL, "updated_at" timestamp(6) NOT NULL, "name" character varying, "facility_type" character varying, "address" character varying, "phone" character varying, "website_url" character varying) /*application='App'*/[0m
  [1m[35m (1.8ms)[0m  [1m[35mDROP TABLE IF EXISTS "facility_matches" CASCADE /*application='App'*/[0m
  [1m[35m (5.2ms)[0m  [1m[35mCREATE TABLE "facility_matches" ("id" bigserial primary key, "diagnosis_result_id" bigint NOT NULL, "facility_id" bigint NOT NULL, "match_score" integer, "created_at" timestamp(6) NOT NULL, "updated_at" timestamp(6) NOT NULL) /*application='App'*/[0m
  [1m[35m (4.3ms)[0m  [1m[35mCREATE INDEX "index_facility_matches_on_diagnosis_result_id" ON "facility_matches" ("diagnosis_result_id") /*application='App'*/[0m
  [1m[35m (3.4ms)[0m  [1m[35mCREATE INDEX "index_facility_matches_on_facility_id" ON "facility_matches" ("facility_id") /*application='App'*/[0m
  [1m[35m (0.6ms)[0m  [1m[35mDROP TABLE IF EXISTS "solid_cache_entries" CASCADE /*application='App'*/[0m
  [1m[35m (5.5ms)[0m  [1m[35mCREATE TABLE "solid_cache_entries" ("id" bigserial primary key, "key" bytea NOT NULL, "value" bytea NOT NULL, "created_at" timestamp(6) NOT NULL, "key_hash" bigint NOT NULL, "byte_size" integer NOT NULL) /*application='App'*/[0m
  [1m[35m (2.8ms)[0m  [1m[35mCREATE INDEX "index_solid_cache_entries_on_byte_size" ON "solid_cache_entries" ("byte_size") /*application='App'*/[0m
  [1m[35m (2.1ms)[0m  [1m[35mCREATE INDEX "index_solid_cache_entries_on_created_at" ON "solid_cache_entries" ("created_at") /*application='App'*/[0m
  [1m[35m (2.1ms)[0m  [1m[35mCREATE UNIQUE INDEX "index_solid_cache_entries_on_key_hash" ON "solid_cache_entries" ("key_hash") /*application='App'*/[0m
  [1m[35m (0.3ms)[0m  [1m[35mDROP TABLE IF EXISTS "solid_queue_blocked_executions" CASCADE /*application='App'*/[0m
  [1m[35m (4.3ms)[0m  [1m[35mCREATE TABLE "solid_queue_blocked_executions" ("id" bigserial primary key, "job_id" bigint NOT NULL, "queue_name" character varying NOT NULL, "priority" integer DEFAULT 0 NOT NULL, "concurrency_key" character varying, "created_at" timestamp(6) NOT NULL, "updated_at" timestamp(6) NOT NULL) /*application='App'*/[0m
  [1m[35m (2.0ms)[0m  [1m[35mCREATE INDEX "index_solid_queue_blocked_executions_on_concurrency_key" ON "solid_queue_blocked_executions" ("concurrency_key") /*application='App'*/[0m
  [1m[35m (2.4ms)[0m  [1m[35mCREATE INDEX "index_solid_queue_blocked_executions_on_job_id" ON "solid_queue_blocked_executions" ("job_id") /*application='App'*/[0m
  [1m[35m (0.4ms)[0m  [1m[35mDROP TABLE IF EXISTS "solid_queue_claimed_executions" CASCADE /*application='App'*/[0m
  [1m[35m (3.5ms)[0m  [1m[35mCREATE TABLE "solid_queue_claimed_executions" ("id" bigserial primary key, "job_id" bigint NOT NULL, "process_id" bigint, "claimed_at" timestamp(6), "created_at" timestamp(6) NOT NULL, "updated_at" timestamp(6) NOT NULL) /*application='App'*/[0m
  [1m[35m (2.1ms)[0m  [1m[35mCREATE INDEX "index_solid_queue_claimed_executions_on_job_id" ON "solid_queue_claimed_executions" ("job_id") /*application='App'*/[0m
  [1m[35m (1.9ms)[0m  [1m[35mCREATE INDEX "idx_on_process_id_claimed_at_c7452699b3" ON "solid_queue_claimed_executions" ("process_id", "claimed_at") /*application='App'*/[0m
  [1m[35m (0.3ms)[0m  [1m[35mDROP TABLE IF EXISTS "solid_queue_failed_executions" CASCADE /*application='App'*/[0m
  [1m[35m (3.8ms)[0m  [1m[35mCREATE TABLE "solid_queue_failed_executions" ("id" bigserial primary key, "job_id" bigint NOT NULL, "error" text, "created_at" timestamp(6) NOT NULL, "updated_at" timestamp(6) NOT NULL) /*application='App'*/[0m
  [1m[35m (2.2ms)[0m  [1m[35mCREATE INDEX "index_solid_queue_failed_executions_on_job_id" ON "solid_queue_failed_executions" ("job_id") /*application='App'*/[0m
  [1m[35m (0.3ms)[0m  [1m[35mDROP TABLE IF EXISTS "solid_queue_jobs" CASCADE /*application='App'*/[0m
  [1m[35m (3.4ms)[0m  [1m[35mCREATE TABLE "solid_queue_jobs" ("id" bigserial primary key, "queue_name" character varying NOT NULL, "class_name" character varying NOT NULL, "arguments" text, "priority" integer DEFAULT 0 NOT NULL, "active_job_id" character varying, "scheduled_at" timestamp(6), "finished_at" timestamp(6), "finished_with" character varying, "error" text, "created_at" timestamp(6) NOT NULL, "updated_at" timestamp(6) NOT NULL) /*application='App'*/[0m
  [1m[35m (2.6ms)[0m  [1m[35mCREATE INDEX "index_solid_queue_jobs_on_finished_at_and_finished_with" ON "solid_queue_jobs" ("finished_at", "finished_with") /*application='App'*/[0m
  [1m[35m (1.7ms)[0m  [1m[35mCREATE INDEX "index_solid_queue_jobs_on_priority" ON "solid_queue_jobs" ("priority") /*application='App'*/[0m
  [1m[35m (2.3ms)[0m  [1m[35mCREATE INDEX "index_solid_queue_jobs_on_queue_name" ON "solid_queue_jobs" ("queue_name") /*application='App'*/[0m
  [1m[35m (1.8ms)[0m  [1m[35mCREATE INDEX "index_solid_queue_jobs_on_scheduled_at" ON "solid_queue_jobs" ("scheduled_at") /*application='App'*/[0m
  [1m[35m (0.4ms)[0m  [1m[35mDROP TABLE IF EXISTS "solid_queue_pauses" CASCADE /*application='App'*/[0m
  [1m[35m (4.4ms)[0m  [1m[35mCREATE TABLE "solid_queue_pauses" ("id" bigserial primary key, "queue_name" character varying NOT NULL, "created_at" timestamp(6) NOT NULL, "updated_at" timestamp(6) NOT NULL) /*application='App'*/[0m
  [1m[35m (2.2ms)[0m  [1m[35mCREATE UNIQUE INDEX "index_solid_queue_pauses_on_queue_name" ON "solid_queue_pauses" ("queue_name") /*application='App'*/[0m
  [1m[35m (0.3ms)[0m  [1m[35mDROP TABLE IF EXISTS "solid_queue_processes" CASCADE /*application='App'*/[0m
  [1m[35m (5.7ms)[0m  [1m[35mCREATE TABLE "solid_queue_processes" ("id" bigserial primary key, "kind" character varying NOT NULL, "last_heartbeat_at" timestamp(6) NOT NULL, "supervisor_id" bigint, "created_at" timestamp(6) NOT NULL, "updated_at" timestamp(6) NOT NULL) /*application='App'*/[0m
  [1m[35m (2.2ms)[0m  [1m[35mCREATE INDEX "idx_on_last_heartbeat_at_supervisor_id_401ff53e96" ON "solid_queue_processes" ("last_heartbeat_at", "supervisor_id") /*application='App'*/[0m
  [1m[35m (0.4ms)[0m  [1m[35mDROP TABLE IF EXISTS "solid_queue_ready_executions" CASCADE /*application='App'*/[0m
  [1m[35m (3.5ms)[0m  [1m[35mCREATE TABLE "solid_queue_ready_executions" ("id" bigserial primary key, "job_id" bigint NOT NULL, "priority" integer DEFAULT 0 NOT NULL, "created_at" timestamp(6) NOT NULL, "updated_at" timestamp(6) NOT NULL) /*application='App'*/[0m
  [1m[35m (2.1ms)[0m  [1m[35mCREATE INDEX "index_solid_queue_ready_executions_on_job_id" ON "solid_queue_ready_executions" ("job_id") /*application='App'*/[0m
  [1m[35m (2.5ms)[0m  [1m[35mCREATE INDEX "index_solid_queue_ready_executions_on_priority" ON "solid_queue_ready_executions" ("priority") /*application='App'*/[0m
  [1m[35m (0.4ms)[0m  [1m[35mDROP TABLE IF EXISTS "solid_queue_scheduled_executions" CASCADE /*application='App'*/[0m
  [1m[35m (3.2ms)[0m  [1m[35mCREATE TABLE "solid_queue_scheduled_executions" ("id" bigserial primary key, "job_id" bigint NOT NULL, "scheduled_at" timestamp(6) NOT NULL, "created_at" timestamp(6) NOT NULL, "updated_at" timestamp(6) NOT NULL) /*application='App'*/[0m
  [1m[35m (2.1ms)[0m  [1m[35mCREATE INDEX "index_solid_queue_scheduled_executions_on_job_id" ON "solid_queue_scheduled_executions" ("job_id") /*application='App'*/[0m
  [1m[35m (2.8ms)[0m  [1m[35mCREATE INDEX "index_solid_queue_scheduled_executions_on_scheduled_at" ON "solid_queue_scheduled_executions" ("scheduled_at") /*application='App'*/[0m
  [1m[35m (0.3ms)[0m  [1m[35mDROP TABLE IF EXISTS "solid_queue_semaphores" CASCADE /*application='App'*/[0m
  [1m[35m (4.6ms)[0m  [1m[35mCREATE TABLE "solid_queue_semaphores" ("id" bigserial primary key, "key" character varying NOT NULL, "value" integer DEFAULT 1 NOT NULL, "created_at" timestamp(6) NOT NULL, "updated_at" timestamp(6) NOT NULL) /*application='App'*/[0m
  [1m[35m (2.2ms)[0m  [1m[35mCREATE UNIQUE INDEX "index_solid_queue_semaphores_on_key" ON "solid_queue_semaphores" ("key") /*application='App'*/[0m
  [1m[35m (4.3ms)[0m  [1m[35mALTER TABLE "diagnosis_answers" ADD CONSTRAINT "fk_rails_9f6f478df8"
FOREIGN KEY ("diagnosis_option_id")
  REFERENCES "diagnosis_options" ("id")
 /*application='App'*/[0m
  [1m[35m (2.6ms)[0m  [1m[35mALTER TABLE "diagnosis_answers" ADD CONSTRAINT "fk_rails_97b543f803"
FOREIGN KEY ("diagnosis_question_id")
  REFERENCES "diagnosis_questions" ("id")
 /*application='App'*/[0m
  [1m[35m (2.1ms)[0m  [1m[35mALTER TABLE "diagnosis_options" ADD CONSTRAINT "fk_rails_0ecab4c3e8"
FOREIGN KEY ("diagnosis_question_id")
  REFERENCES "diagnosis_questions" ("id")
 /*application='App'*/[0m
  [1m[35m (2.4ms)[0m  [1m[35mALTER TABLE "facility_matches" ADD CONSTRAINT "fk_rails_4d7d67f64d"
FOREIGN KEY ("diagnosis_result_id")
  REFERENCES "diagnosis_results" ("id")
 /*application='App'*/[0m
  [1m[35m (2.2ms)[0m  [1m[35mALTER TABLE "facility_matches" ADD CONSTRAINT "fk_rails_7673f576d8"
FOREIGN KEY ("facility_id")
  REFERENCES "facilities" ("id")
 /*application='App'*/[0m
  [1m[35m (3.0ms)[0m  [1m[35mALTER TABLE "solid_queue_blocked_executions" ADD CONSTRAINT "fk_rails_4cd34e2228"
FOREIGN KEY ("job_id")
  REFERENCES "solid_queue_jobs" ("id")
 /*application='App'*/[0m
  [1m[35m (2.6ms)[0m  [1m[35mALTER TABLE "solid_queue_claimed_executions" ADD CONSTRAINT "fk_rails_9cfe4d4944"
FOREIGN KEY ("job_id")
  REFERENCES "solid_queue_jobs" ("id")
 /*application='App'*/[0m
  [1m[35m (2.3ms)[0m  [1m[35mALTER TABLE "solid_queue_failed_executions" ADD CONSTRAINT "fk_rails_39bbc7a631"
FOREIGN KEY ("job_id")
  REFERENCES "solid_queue_jobs" ("id")
 /*application='App'*/[0m
  [1m[35m (2.4ms)[0m  [1m[35mALTER TABLE "solid_queue_ready_executions" ADD CONSTRAINT "fk_rails_81fcbd66af"
FOREIGN KEY ("job_id")
  REFERENCES "solid_queue_jobs" ("id")
 /*application='App'*/[0m
  [1m[35m (2.8ms)[0m  [1m[35mALTER TABLE "solid_queue_scheduled_executions" ADD CONSTRAINT "fk_rails_c4316f352d"
FOREIGN KEY ("job_id")
  REFERENCES "solid_queue_jobs" ("id")
 /*application='App'*/[0m
  [1m[35m (3.3ms)[0m  [1m[35mCREATE TABLE "schema_migrations" ("version" character varying NOT NULL PRIMARY KEY) /*application='App'*/[0m
  [1m[36mActiveRecord::SchemaMigration Load (0.6ms)[0m  [1m[34mSELECT "schema_migrations"."version" FROM "schema_migrations" ORDER BY "schema_migrations"."version" ASC /*application='App'*/[0m
  [1m[35m (2.0ms)[0m  [1m[32mINSERT INTO "schema_migrations" (version) VALUES (20260731131438) /*application='App'*/[0m
  [1m[35m (1.7ms)[0m  [1m[32mINSERT INTO "schema_migrations" (version) VALUES
(20260731131334),
(20260729182053),
(20260728130340),
(20260726202301),
(20260726202300),
(20260726202200),
(20260722144113),
(20260722143859),
(20260722140352),
(20260722124210),
(20260722115934),
(20260719070347); /*application='App'*/[0m
  [1m[35m (3.3ms)[0m  [1m[35mCREATE TABLE "ar_internal_metadata" ("key" character varying NOT NULL PRIMARY KEY, "value" character varying, "created_at" timestamp(6) NOT NULL, "updated_at" timestamp(6) NOT NULL) /*application='App'*/[0m
  [1m[36mActiveRecord::InternalMetadata Load (1.6ms)[0m  [1m[34mSELECT * FROM "ar_internal_metadata" WHERE "ar_internal_metadata"."key" = 'environment' ORDER BY "ar_internal_metadata"."key" ASC LIMIT 1 /*application='App'*/[0m
  [1m[36mActiveRecord::InternalMetadata Create (2.8ms)[0m  [1m[32mINSERT INTO "ar_internal_metadata" ("key", "value", "created_at", "updated_at") VALUES ('environment', 'development', '2026-07-31 15:12:26.240852', '2026-07-31 15:12:26.240856') RETURNING "key" /*application='App'*/[0m
  [1m[36mActiveRecord::InternalMetadata Load (0.4ms)[0m  [1m[34mSELECT * FROM "ar_internal_metadata" WHERE "ar_internal_metadata"."key" = 'environment' ORDER BY "ar_internal_metadata"."key" ASC LIMIT 1 /*application='App'*/[0m
  [1m[36mActiveRecord::InternalMetadata Update (1.8ms)[0m  [1m[33mUPDATE "ar_internal_metadata" SET "value" = 'test', "updated_at" = '2026-07-31 15:12:26.253367' WHERE "ar_internal_metadata"."key" = 'environment' /*application='App'*/[0m
  [1m[36mActiveRecord::InternalMetadata Load (0.4ms)[0m  [1m[34mSELECT * FROM "ar_internal_metadata" WHERE "ar_internal_metadata"."key" = 'schema_sha1' ORDER BY "ar_internal_metadata"."key" ASC LIMIT 1 /*application='App'*/[0m
  [1m[36mActiveRecord::InternalMetadata Create (1.9ms)[0m  [1m[32mINSERT INTO "ar_internal_metadata" ("key", "value", "created_at", "updated_at") VALUES ('schema_sha1', 'dbf946c6aa9330fe005f5f3f9dcd7444dad78ad8', '2026-07-31 15:12:26.259012', '2026-07-31 15:12:26.259015') RETURNING "key" /*application='App'*/[0m
  [1m[36mActiveRecord::SchemaMigration Load (0.7ms)[0m  [1m[34mSELECT "schema_migrations"."version" FROM "schema_migrations" ORDER BY "schema_migrations"."version" ASC /*application='App'*/[0m
  [1m[36mTRANSACTION (0.4ms)[0m  [1m[35mBEGIN /*application='App'*/[0m
  [1m[36mTRANSACTION (0.5ms)[0m  [1m[31mROLLBACK /*application='App'*/[0m
  [1m[36mActiveRecord::InternalMetadata Load (1.6ms)[0m  [1m[34mSELECT * FROM "ar_internal_metadata" WHERE "ar_internal_metadata"."key" = 'schema_sha1' ORDER BY "ar_internal_metadata"."key" ASC LIMIT 1 /*application='App'*/[0m
  [1m[36mActiveRecord::SchemaMigration Load (3.0ms)[0m  [1m[34mSELECT "schema_migrations"."version" FROM "schema_migrations" ORDER BY "schema_migrations"."version" ASC /*application='App'*/[0m
  [1m[36mActiveRecord::InternalMetadata Load (1.9ms)[0m  [1m[34mSELECT * FROM "ar_internal_metadata" WHERE "ar_internal_metadata"."key" = 'environment' ORDER BY "ar_internal_metadata"."key" ASC LIMIT 1 /*application='App'*/[0m
  [1m[36mActiveRecord::SchemaMigration Load (0.9ms)[0m  [1m[34mSELECT "schema_migrations"."version" FROM "schema_migrations" ORDER BY "schema_migrations"."version" ASC /*application='App'*/[0m
  [1m[36mActiveRecord::InternalMetadata Load (0.7ms)[0m  [1m[34mSELECT * FROM "ar_internal_metadata" WHERE "ar_internal_metadata"."key" = 'environment' ORDER BY "ar_internal_metadata"."key" ASC LIMIT 1 /*application='App'*/[0m
  [1m[36mActiveRecord::SchemaMigration Load (0.4ms)[0m  [1m[34mSELECT "schema_migrations"."version" FROM "schema_migrations" ORDER BY "schema_migrations"."version" ASC /*application='App'*/[0m
  [1m[36mActiveRecord::InternalMetadata Load (0.8ms)[0m  [1m[34mSELECT * FROM "ar_internal_metadata" WHERE "ar_internal_metadata"."key" = 'environment' ORDER BY "ar_internal_metadata"."key" ASC LIMIT 1 /*application='App'*/[0m
  [1m[35m (117.8ms)[0m  [1m[35mDROP DATABASE IF EXISTS "myapp_test" /*application='App'*/[0m
  [1m[35m (101.1ms)[0m  [1m[35mCREATE DATABASE "myapp_test" ENCODING = 'unicode' /*application='App'*/[0m
  [1m[35mSQL (51.2ms)[0m  [1m[35mCREATE EXTENSION IF NOT EXISTS "plpgsql" /*application='App'*/[0m
  [1m[35m (2.1ms)[0m  [1m[35mDROP TABLE IF EXISTS "diagnosis_answers" CASCADE /*application='App'*/[0m
  [1m[35m (9.4ms)[0m  [1m[35mCREATE TABLE "diagnosis_answers" ("id" bigserial primary key, "diagnosis_question_id" bigint NOT NULL, "diagnosis_option_id" bigint NOT NULL, "session_id" character varying NOT NULL, "created_at" timestamp(6) NOT NULL, "updated_at" timestamp(6) NOT NULL) /*application='App'*/[0m
  [1m[35m (3.4ms)[0m  [1m[35mCREATE INDEX "index_diagnosis_answers_on_diagnosis_option_id" ON "diagnosis_answers" ("diagnosis_option_id") /*application='App'*/[0m
  [1m[35m (2.1ms)[0m  [1m[35mCREATE INDEX "index_diagnosis_answers_on_diagnosis_question_id" ON "diagnosis_answers" ("diagnosis_question_id") /*application='App'*/[0m
  [1m[35m (2.5ms)[0m  [1m[35mCREATE UNIQUE INDEX "idx_on_session_id_diagnosis_question_id_2d63da7b8b" ON "diagnosis_answers" ("session_id", "diagnosis_question_id") /*application='App'*/[0m
  [1m[35m (0.4ms)[0m  [1m[35mDROP TABLE IF EXISTS "diagnosis_options" CASCADE /*application='App'*/[0m
  [1m[35m (5.1ms)[0m  [1m[35mCREATE TABLE "diagnosis_options" ("id" bigserial primary key, "diagnosis_question_id" bigint NOT NULL, "option_text" character varying NOT NULL, "weight_value" integer NOT NULL, "display_order" integer DEFAULT 0 NOT NULL, "created_at" timestamp(6) NOT NULL, "updated_at" timestamp(6) NOT NULL, "weight_category" character varying) /*application='App'*/[0m
  [1m[35m (2.5ms)[0m  [1m[35mCREATE INDEX "index_diagnosis_options_on_diagnosis_question_id" ON "diagnosis_options" ("diagnosis_question_id") /*application='App'*/[0m
  [1m[35m (0.4ms)[0m  [1m[35mDROP TABLE IF EXISTS "diagnosis_questions" CASCADE /*application='App'*/[0m
  [1m[35m (3.3ms)[0m  [1m[35mCREATE TABLE "diagnosis_questions" ("id" bigserial primary key, "question_text" text NOT NULL, "question_type" integer NOT NULL, "created_at" timestamp(6) NOT NULL, "updated_at" timestamp(6) NOT NULL, "weight_category" character varying, "display_order" integer DEFAULT 0 NOT NULL) /*application='App'*/[0m
  [1m[35m (0.4ms)[0m  [1m[35mDROP TABLE IF EXISTS "diagnosis_results" CASCADE /*application='App'*/[0m
  [1m[35m (4.9ms)[0m  [1m[35mCREATE TABLE "diagnosis_results" ("id" bigserial primary key, "created_at" timestamp(6) NOT NULL, "updated_at" timestamp(6) NOT NULL, "category" character varying, "result_title" character varying, "result_description" text) /*application='App'*/[0m
  [1m[35m (0.6ms)[0m  [1m[35mDROP TABLE IF EXISTS "facilities" CASCADE /*application='App'*/[0m
  [1m[35m (6.2ms)[0m  [1m[35mCREATE TABLE "facilities" ("id" bigserial primary key, "monthly_fee_min" integer, "monthly_fee_max" integer, "capacity" integer, "room_type" character varying, "care_level" integer, "services" character varying, "features" character varying, "created_at" timestamp(6) NOT NULL, "updated_at" timestamp(6) NOT NULL, "name" character varying, "facility_type" character varying, "address" character varying, "phone" character varying, "website_url" character varying) /*application='App'*/[0m
  [1m[35m (1.4ms)[0m  [1m[35mDROP TABLE IF EXISTS "facility_matches" CASCADE /*application='App'*/[0m
  [1m[35m (4.8ms)[0m  [1m[35mCREATE TABLE "facility_matches" ("id" bigserial primary key, "diagnosis_result_id" bigint NOT NULL, "facility_id" bigint NOT NULL, "match_score" integer, "created_at" timestamp(6) NOT NULL, "updated_at" timestamp(6) NOT NULL) /*application='App'*/[0m
  [1m[35m (2.5ms)[0m  [1m[35mCREATE INDEX "index_facility_matches_on_diagnosis_result_id" ON "facility_matches" ("diagnosis_result_id") /*application='App'*/[0m
  [1m[35m (2.0ms)[0m  [1m[35mCREATE INDEX "index_facility_matches_on_facility_id" ON "facility_matches" ("facility_id") /*application='App'*/[0m
  [1m[35m (0.4ms)[0m  [1m[35mDROP TABLE IF EXISTS "solid_cache_entries" CASCADE /*application='App'*/[0m
  [1m[35m (4.1ms)[0m  [1m[35mCREATE TABLE "solid_cache_entries" ("id" bigserial primary key, "key" bytea NOT NULL, "value" bytea NOT NULL, "created_at" timestamp(6) NOT NULL, "key_hash" bigint NOT NULL, "byte_size" integer NOT NULL) /*application='App'*/[0m
  [1m[35m (2.3ms)[0m  [1m[35mCREATE INDEX "index_solid_cache_entries_on_byte_size" ON "solid_cache_entries" ("byte_size") /*application='App'*/[0m
  [1m[35m (2.2ms)[0m  [1m[35mCREATE INDEX "index_solid_cache_entries_on_created_at" ON "solid_cache_entries" ("created_at") /*application='App'*/[0m
  [1m[35m (2.3ms)[0m  [1m[35mCREATE UNIQUE INDEX "index_solid_cache_entries_on_key_hash" ON "solid_cache_entries" ("key_hash") /*application='App'*/[0m
  [1m[35m (0.4ms)[0m  [1m[35mDROP TABLE IF EXISTS "solid_queue_blocked_executions" CASCADE /*application='App'*/[0m
  [1m[35m (4.3ms)[0m  [1m[35mCREATE TABLE "solid_queue_blocked_executions" ("id" bigserial primary key, "job_id" bigint NOT NULL, "queue_name" character varying NOT NULL, "priority" integer DEFAULT 0 NOT NULL, "concurrency_key" character varying, "created_at" timestamp(6) NOT NULL, "updated_at" timestamp(6) NOT NULL) /*application='App'*/[0m
  [1m[35m (2.2ms)[0m  [1m[35mCREATE INDEX "index_solid_queue_blocked_executions_on_concurrency_key" ON "solid_queue_blocked_executions" ("concurrency_key") /*application='App'*/[0m
  [1m[35m (2.0ms)[0m  [1m[35mCREATE INDEX "index_solid_queue_blocked_executions_on_job_id" ON "solid_queue_blocked_executions" ("job_id") /*application='App'*/[0m
  [1m[35m (0.5ms)[0m  [1m[35mDROP TABLE IF EXISTS "solid_queue_claimed_executions" CASCADE /*application='App'*/[0m
  [1m[35m (2.8ms)[0m  [1m[35mCREATE TABLE "solid_queue_claimed_executions" ("id" bigserial primary key, "job_id" bigint NOT NULL, "process_id" bigint, "claimed_at" timestamp(6), "created_at" timestamp(6) NOT NULL, "updated_at" timestamp(6) NOT NULL) /*application='App'*/[0m
  [1m[35m (2.0ms)[0m  [1m[35mCREATE INDEX "index_solid_queue_claimed_executions_on_job_id" ON "solid_queue_claimed_executions" ("job_id") /*application='App'*/[0m
  [1m[35m (2.1ms)[0m  [1m[35mCREATE INDEX "idx_on_process_id_claimed_at_c7452699b3" ON "solid_queue_claimed_executions" ("process_id", "claimed_at") /*application='App'*/[0m
  [1m[35m (0.3ms)[0m  [1m[35mDROP TABLE IF EXISTS "solid_queue_failed_executions" CASCADE /*application='App'*/[0m
  [1m[35m (3.6ms)[0m  [1m[35mCREATE TABLE "solid_queue_failed_executions" ("id" bigserial primary key, "job_id" bigint NOT NULL, "error" text, "created_at" timestamp(6) NOT NULL, "updated_at" timestamp(6) NOT NULL) /*application='App'*/[0m
  [1m[35m (2.1ms)[0m  [1m[35mCREATE INDEX "index_solid_queue_failed_executions_on_job_id" ON "solid_queue_failed_executions" ("job_id") /*application='App'*/[0m
  [1m[35m (0.3ms)[0m  [1m[35mDROP TABLE IF EXISTS "solid_queue_jobs" CASCADE /*application='App'*/[0m
  [1m[35m (3.8ms)[0m  [1m[35mCREATE TABLE "solid_queue_jobs" ("id" bigserial primary key, "queue_name" character varying NOT NULL, "class_name" character varying NOT NULL, "arguments" text, "priority" integer DEFAULT 0 NOT NULL, "active_job_id" character varying, "scheduled_at" timestamp(6), "finished_at" timestamp(6), "finished_with" character varying, "error" text, "created_at" timestamp(6) NOT NULL, "updated_at" timestamp(6) NOT NULL) /*application='App'*/[0m
  [1m[35m (2.2ms)[0m  [1m[35mCREATE INDEX "index_solid_queue_jobs_on_finished_at_and_finished_with" ON "solid_queue_jobs" ("finished_at", "finished_with") /*application='App'*/[0m
  [1m[35m (2.0ms)[0m  [1m[35mCREATE INDEX "index_solid_queue_jobs_on_priority" ON "solid_queue_jobs" ("priority") /*application='App'*/[0m
  [1m[35m (2.1ms)[0m  [1m[35mCREATE INDEX "index_solid_queue_jobs_on_queue_name" ON "solid_queue_jobs" ("queue_name") /*application='App'*/[0m
  [1m[35m (2.0ms)[0m  [1m[35mCREATE INDEX "index_solid_queue_jobs_on_scheduled_at" ON "solid_queue_jobs" ("scheduled_at") /*application='App'*/[0m
  [1m[35m (0.3ms)[0m  [1m[35mDROP TABLE IF EXISTS "solid_queue_pauses" CASCADE /*application='App'*/[0m
  [1m[35m (3.6ms)[0m  [1m[35mCREATE TABLE "solid_queue_pauses" ("id" bigserial primary key, "queue_name" character varying NOT NULL, "created_at" timestamp(6) NOT NULL, "updated_at" timestamp(6) NOT NULL) /*application='App'*/[0m
  [1m[35m (2.4ms)[0m  [1m[35mCREATE UNIQUE INDEX "index_solid_queue_pauses_on_queue_name" ON "solid_queue_pauses" ("queue_name") /*application='App'*/[0m
  [1m[35m (0.3ms)[0m  [1m[35mDROP TABLE IF EXISTS "solid_queue_processes" CASCADE /*application='App'*/[0m
  [1m[35m (3.4ms)[0m  [1m[35mCREATE TABLE "solid_queue_processes" ("id" bigserial primary key, "kind" character varying NOT NULL, "last_heartbeat_at" timestamp(6) NOT NULL, "supervisor_id" bigint, "created_at" timestamp(6) NOT NULL, "updated_at" timestamp(6) NOT NULL) /*application='App'*/[0m
  [1m[35m (1.9ms)[0m  [1m[35mCREATE INDEX "idx_on_last_heartbeat_at_supervisor_id_401ff53e96" ON "solid_queue_processes" ("last_heartbeat_at", "supervisor_id") /*application='App'*/[0m
  [1m[35m (0.4ms)[0m  [1m[35mDROP TABLE IF EXISTS "solid_queue_ready_executions" CASCADE /*application='App'*/[0m
  [1m[35m (3.6ms)[0m  [1m[35mCREATE TABLE "solid_queue_ready_executions" ("id" bigserial primary key, "job_id" bigint NOT NULL, "priority" integer DEFAULT 0 NOT NULL, "created_at" timestamp(6) NOT NULL, "updated_at" timestamp(6) NOT NULL) /*application='App'*/[0m
  [1m[35m (2.2ms)[0m  [1m[35mCREATE INDEX "index_solid_queue_ready_executions_on_job_id" ON "solid_queue_ready_executions" ("job_id") /*application='App'*/[0m
  [1m[35m (2.1ms)[0m  [1m[35mCREATE INDEX "index_solid_queue_ready_executions_on_priority" ON "solid_queue_ready_executions" ("priority") /*application='App'*/[0m
  [1m[35m (0.6ms)[0m  [1m[35mDROP TABLE IF EXISTS "solid_queue_scheduled_executions" CASCADE /*application='App'*/[0m
  [1m[35m (5.0ms)[0m  [1m[35mCREATE TABLE "solid_queue_scheduled_executions" ("id" bigserial primary key, "job_id" bigint NOT NULL, "scheduled_at" timestamp(6) NOT NULL, "created_at" timestamp(6) NOT NULL, "updated_at" timestamp(6) NOT NULL) /*application='App'*/[0m
  [1m[35m (3.1ms)[0m  [1m[35mCREATE INDEX "index_solid_queue_scheduled_executions_on_job_id" ON "solid_queue_scheduled_executions" ("job_id") /*application='App'*/[0m
  [1m[35m (3.0ms)[0m  [1m[35mCREATE INDEX "index_solid_queue_scheduled_executions_on_scheduled_at" ON "solid_queue_scheduled_executions" ("scheduled_at") /*application='App'*/[0m
  [1m[35m (0.4ms)[0m  [1m[35mDROP TABLE IF EXISTS "solid_queue_semaphores" CASCADE /*application='App'*/[0m
  [1m[35m (5.2ms)[0m  [1m[35mCREATE TABLE "solid_queue_semaphores" ("id" bigserial primary key, "key" character varying NOT NULL, "value" integer DEFAULT 1 NOT NULL, "created_at" timestamp(6) NOT NULL, "updated_at" timestamp(6) NOT NULL) /*application='App'*/[0m
  [1m[35m (2.9ms)[0m  [1m[35mCREATE UNIQUE INDEX "index_solid_queue_semaphores_on_key" ON "solid_queue_semaphores" ("key") /*application='App'*/[0m
  [1m[35m (4.5ms)[0m  [1m[35mALTER TABLE "diagnosis_answers" ADD CONSTRAINT "fk_rails_9f6f478df8"
FOREIGN KEY ("diagnosis_option_id")
  REFERENCES "diagnosis_options" ("id")
 /*application='App'*/[0m
  [1m[35m (2.9ms)[0m  [1m[35mALTER TABLE "diagnosis_answers" ADD CONSTRAINT "fk_rails_97b543f803"
FOREIGN KEY ("diagnosis_question_id")
  REFERENCES "diagnosis_questions" ("id")
 /*application='App'*/[0m
  [1m[35m (2.1ms)[0m  [1m[35mALTER TABLE "diagnosis_options" ADD CONSTRAINT "fk_rails_0ecab4c3e8"
FOREIGN KEY ("diagnosis_question_id")
  REFERENCES "diagnosis_questions" ("id")
 /*application='App'*/[0m
  [1m[35m (2.3ms)[0m  [1m[35mALTER TABLE "facility_matches" ADD CONSTRAINT "fk_rails_4d7d67f64d"
FOREIGN KEY ("diagnosis_result_id")
  REFERENCES "diagnosis_results" ("id")
 /*application='App'*/[0m
  [1m[35m (2.3ms)[0m  [1m[35mALTER TABLE "facility_matches" ADD CONSTRAINT "fk_rails_7673f576d8"
FOREIGN KEY ("facility_id")
  REFERENCES "facilities" ("id")
 /*application='App'*/[0m
  [1m[35m (3.2ms)[0m  [1m[35mALTER TABLE "solid_queue_blocked_executions" ADD CONSTRAINT "fk_rails_4cd34e2228"
FOREIGN KEY ("job_id")
  REFERENCES "solid_queue_jobs" ("id")
 /*application='App'*/[0m
  [1m[35m (2.9ms)[0m  [1m[35mALTER TABLE "solid_queue_claimed_executions" ADD CONSTRAINT "fk_rails_9cfe4d4944"
FOREIGN KEY ("job_id")
  REFERENCES "solid_queue_jobs" ("id")
 /*application='App'*/[0m
  [1m[35m (2.5ms)[0m  [1m[35mALTER TABLE "solid_queue_failed_executions" ADD CONSTRAINT "fk_rails_39bbc7a631"
FOREIGN KEY ("job_id")
  REFERENCES "solid_queue_jobs" ("id")
 /*application='App'*/[0m
  [1m[35m (2.3ms)[0m  [1m[35mALTER TABLE "solid_queue_ready_executions" ADD CONSTRAINT "fk_rails_81fcbd66af"
FOREIGN KEY ("job_id")
  REFERENCES "solid_queue_jobs" ("id")
 /*application='App'*/[0m
  [1m[35m (2.5ms)[0m  [1m[35mALTER TABLE "solid_queue_scheduled_executions" ADD CONSTRAINT "fk_rails_c4316f352d"
FOREIGN KEY ("job_id")
  REFERENCES "solid_queue_jobs" ("id")
 /*application='App'*/[0m
  [1m[35m (3.4ms)[0m  [1m[35mCREATE TABLE "schema_migrations" ("version" character varying NOT NULL PRIMARY KEY) /*application='App'*/[0m
  [1m[36mActiveRecord::SchemaMigration Load (0.6ms)[0m  [1m[34mSELECT "schema_migrations"."version" FROM "schema_migrations" ORDER BY "schema_migrations"."version" ASC /*application='App'*/[0m
  [1m[35m (2.6ms)[0m  [1m[32mINSERT INTO "schema_migrations" (version) VALUES (20260731131438) /*application='App'*/[0m
  [1m[35m (1.8ms)[0m  [1m[32mINSERT INTO "schema_migrations" (version) VALUES
(20260731131334),
(20260729182053),
(20260728130340),
(20260726202301),
(20260726202300),
(20260726202200),
(20260722144113),
(20260722143859),
(20260722140352),
(20260722124210),
(20260722115934),
(20260719070347); /*application='App'*/[0m
  [1m[35m (3.5ms)[0m  [1m[35mCREATE TABLE "ar_internal_metadata" ("key" character varying NOT NULL PRIMARY KEY, "value" character varying, "created_at" timestamp(6) NOT NULL, "updated_at" timestamp(6) NOT NULL) /*application='App'*/[0m
  [1m[36mActiveRecord::InternalMetadata Load (1.1ms)[0m  [1m[34mSELECT * FROM "ar_internal_metadata" WHERE "ar_internal_metadata"."key" = 'environment' ORDER BY "ar_internal_metadata"."key" ASC LIMIT 1 /*application='App'*/[0m
  [1m[36mActiveRecord::InternalMetadata Create (2.2ms)[0m  [1m[32mINSERT INTO "ar_internal_metadata" ("key", "value", "created_at", "updated_at") VALUES ('environment', 'development', '2026-07-31 15:14:08.013904', '2026-07-31 15:14:08.013908') RETURNING "key" /*application='App'*/[0m
  [1m[36mActiveRecord::InternalMetadata Load (0.4ms)[0m  [1m[34mSELECT * FROM "ar_internal_metadata" WHERE "ar_internal_metadata"."key" = 'environment' ORDER BY "ar_internal_metadata"."key" ASC LIMIT 1 /*application='App'*/[0m
  [1m[36mActiveRecord::InternalMetadata Update (2.0ms)[0m  [1m[33mUPDATE "ar_internal_metadata" SET "value" = 'test', "updated_at" = '2026-07-31 15:14:08.026470' WHERE "ar_internal_metadata"."key" = 'environment' /*application='App'*/[0m
  [1m[36mActiveRecord::InternalMetadata Load (0.4ms)[0m  [1m[34mSELECT * FROM "ar_internal_metadata" WHERE "ar_internal_metadata"."key" = 'schema_sha1' ORDER BY "ar_internal_metadata"."key" ASC LIMIT 1 /*application='App'*/[0m
  [1m[36mActiveRecord::InternalMetadata Create (1.9ms)[0m  [1m[32mINSERT INTO "ar_internal_metadata" ("key", "value", "created_at", "updated_at") VALUES ('schema_sha1', 'dbf946c6aa9330fe005f5f3f9dcd7444dad78ad8', '2026-07-31 15:14:08.032036', '2026-07-31 15:14:08.032039') RETURNING "key" /*application='App'*/[0m
  [1m[36mActiveRecord::SchemaMigration Load (0.8ms)[0m  [1m[34mSELECT "schema_migrations"."version" FROM "schema_migrations" ORDER BY "schema_migrations"."version" ASC /*application='App'*/[0m
  [1m[36mTRANSACTION (0.3ms)[0m  [1m[35mBEGIN /*application='App'*/[0m
Started GET "/diagnoses/new" for 127.0.0.1 at 2026-07-31 15:14:08 +0000
  [1m[36mTRANSACTION (0.3ms)[0m  [1m[35mBEGIN /*application='App'*/[0m
  [1m[36mActiveRecord::SchemaMigration Load (1.0ms)[0m  [1m[34mSELECT "schema_migrations"."version" FROM "schema_migrations" ORDER BY "schema_migrations"."version" ASC /*application='App'*/[0m
Processing by DiagnosesController#new as HTML
  Rendering layout layouts/application.html.erb
  Rendering diagnoses/new.html.erb within layouts/application
  [1m[36mDiagnosisQuestion Load (1.2ms)[0m  [1m[34mSELECT "diagnosis_questions".* FROM "diagnosis_questions" ORDER BY "diagnosis_questions"."display_order" ASC /*action='new',application='App',controller='diagnoses'*/[0m
  ↳ app/views/diagnoses/new.html.erb:4
  [1m[36mDiagnosisOption Load (1.1ms)[0m  [1m[34mSELECT "diagnosis_options".* FROM "diagnosis_options" WHERE "diagnosis_options"."diagnosis_question_id" IN (1, 2, 3, 4, 5) /*action='new',application='App',controller='diagnoses'*/[0m
  ↳ app/views/diagnoses/new.html.erb:4
  [1m[36mDiagnosisOption Load (0.8ms)[0m  [1m[34mSELECT "diagnosis_options".* FROM "diagnosis_options" WHERE "diagnosis_options"."diagnosis_question_id" = 1 ORDER BY "diagnosis_options"."display_order" ASC /*action='new',application='App',controller='diagnoses'*/[0m
  ↳ app/views/diagnoses/new.html.erb:8
  [1m[36mDiagnosisOption Load (0.6ms)[0m  [1m[34mSELECT "diagnosis_options".* FROM "diagnosis_options" WHERE "diagnosis_options"."diagnosis_question_id" = 2 ORDER BY "diagnosis_options"."display_order" ASC /*action='new',application='App',controller='diagnoses'*/[0m
  ↳ app/views/diagnoses/new.html.erb:8
  [1m[36mDiagnosisOption Load (0.5ms)[0m  [1m[34mSELECT "diagnosis_options".* FROM "diagnosis_options" WHERE "diagnosis_options"."diagnosis_question_id" = 3 ORDER BY "diagnosis_options"."display_order" ASC /*action='new',application='App',controller='diagnoses'*/[0m
  ↳ app/views/diagnoses/new.html.erb:8
  [1m[36mDiagnosisOption Load (0.5ms)[0m  [1m[34mSELECT "diagnosis_options".* FROM "diagnosis_options" WHERE "diagnosis_options"."diagnosis_question_id" = 4 ORDER BY "diagnosis_options"."display_order" ASC /*action='new',application='App',controller='diagnoses'*/[0m
  ↳ app/views/diagnoses/new.html.erb:8
  [1m[36mDiagnosisOption Load (0.8ms)[0m  [1m[34mSELECT "diagnosis_options".* FROM "diagnosis_options" WHERE "diagnosis_options"."diagnosis_question_id" = 5 ORDER BY "diagnosis_options"."display_order" ASC /*action='new',application='App',controller='diagnoses'*/[0m
  ↳ app/views/diagnoses/new.html.erb:8
  Rendered diagnoses/new.html.erb within layouts/application (Duration: 89.4ms | GC: 0.0ms)
  Rendered layout layouts/application.html.erb (Duration: 108.1ms | GC: 0.0ms)
Completed 200 OK in 164ms (Views: 101.3ms | ActiveRecord: 18.9ms (7 queries, 0 cached) | GC: 0.0ms)


  [1m[36mTRANSACTION (0.6ms)[0m  [1m[31mROLLBACK /*application='App'*/[0m
